Product: MDK-ARM Standard 5.10
Component: ARM Compiler 5.04 update 1 (build 49)
Tool: armlink [5040049]

==============================================================================

Section Cross References

    main.o(i.main) refers to mytask.o(i.SysInit) for SysInit
    main.o(i.main) refers to tasks.o(i.xTaskCreate) for xTaskCreate
    main.o(i.main) refers to tasks.o(i.vTaskStartScheduler) for vTaskStartScheduler
    main.o(i.main) refers to mytask.o(.data) for StartTask_Handler
    main.o(i.main) refers to mytask.o(i.start_task) for start_task
    stm32l1xx_hal_msp.o(i.HAL_ADC_MspDeInit) refers to stm32l1xx_hal_gpio.o(i.HAL_GPIO_DeInit) for HAL_GPIO_DeInit
    stm32l1xx_hal_msp.o(i.HAL_ADC_MspInit) refers to stm32l1xx_hal_gpio.o(i.HAL_GPIO_Init) for HAL_GPIO_Init
    stm32l1xx_hal_msp.o(i.HAL_MspDeInit) refers to stm32l1xx_hal_msp.o(i.HAL_ADC_MspDeInit) for HAL_ADC_MspDeInit
    stm32l1xx_hal_msp.o(i.HAL_MspDeInit) refers to stm32l1xx_hal_msp.o(i.HAL_UART_MspDeInit) for HAL_UART_MspDeInit
    stm32l1xx_hal_msp.o(i.HAL_MspDeInit) refers to adc.o(.bss) for hadc
    stm32l1xx_hal_msp.o(i.HAL_MspDeInit) refers to usart.o(.bss) for husart3
    stm32l1xx_hal_msp.o(i.HAL_MspInit) refers to stm32l1xx_hal_cortex.o(i.HAL_NVIC_SetPriorityGrouping) for HAL_NVIC_SetPriorityGrouping
    stm32l1xx_hal_msp.o(i.HAL_MspInit) refers to stm32l1xx_hal_cortex.o(i.HAL_NVIC_SetPriority) for HAL_NVIC_SetPriority
    stm32l1xx_hal_msp.o(i.HAL_RTC_MspDeInit) refers to stm32l1xx_hal_cortex.o(i.HAL_NVIC_DisableIRQ) for HAL_NVIC_DisableIRQ
    stm32l1xx_hal_msp.o(i.HAL_RTC_MspInit) refers to stm32l1xx_hal_cortex.o(i.HAL_NVIC_SetPriority) for HAL_NVIC_SetPriority
    stm32l1xx_hal_msp.o(i.HAL_RTC_MspInit) refers to stm32l1xx_hal_cortex.o(i.HAL_NVIC_EnableIRQ) for HAL_NVIC_EnableIRQ
    stm32l1xx_hal_msp.o(i.HAL_TIM_Base_MspInit) refers to stm32l1xx_hal_cortex.o(i.HAL_NVIC_SetPriority) for HAL_NVIC_SetPriority
    stm32l1xx_hal_msp.o(i.HAL_TIM_Base_MspInit) refers to stm32l1xx_hal_cortex.o(i.HAL_NVIC_EnableIRQ) for HAL_NVIC_EnableIRQ
    stm32l1xx_hal_msp.o(i.HAL_UART_MspDeInit) refers to stm32l1xx_hal_gpio.o(i.HAL_GPIO_DeInit) for HAL_GPIO_DeInit
    stm32l1xx_hal_msp.o(i.HAL_UART_MspDeInit) refers to stm32l1xx_hal_cortex.o(i.HAL_NVIC_DisableIRQ) for HAL_NVIC_DisableIRQ
    stm32l1xx_hal_msp.o(i.HAL_WWDG_MspInit) refers to stm32l1xx_hal_cortex.o(i.HAL_NVIC_SetPriority) for HAL_NVIC_SetPriority
    stm32l1xx_hal_msp.o(i.HAL_WWDG_MspInit) refers to stm32l1xx_hal_cortex.o(i.HAL_NVIC_EnableIRQ) for HAL_NVIC_EnableIRQ
    stm32l1xx_it.o(i.RTC_WKUP_IRQHandler) refers to stm32l1xx_hal_rtc_ex.o(i.HAL_RTCEx_WakeUpTimerIRQHandler) for HAL_RTCEx_WakeUpTimerIRQHandler
    stm32l1xx_it.o(i.RTC_WKUP_IRQHandler) refers to lowpower.o(.bss) for hrtc
    stm32l1xx_it.o(i.SysTick_Handler) refers to stm32l1xx_hal.o(i.HAL_IncTick) for HAL_IncTick
    stm32l1xx_it.o(i.SysTick_Handler) refers to tasks.o(i.xTaskGetSchedulerState) for xTaskGetSchedulerState
    stm32l1xx_it.o(i.SysTick_Handler) refers to port.o(i.xPortSysTickHandler) for xPortSysTickHandler
    stm32l1xx_it.o(i.SysTick_Handler) refers to usart.o(.bss) for usart
    stm32l1xx_it.o(i.TIM2_IRQHandler) refers to stm32l1xx_hal_tim.o(i.HAL_TIM_IRQHandler) for HAL_TIM_IRQHandler
    stm32l1xx_it.o(i.TIM2_IRQHandler) refers to timer.o(.bss) for htim2
    stm32l1xx_it.o(i.WWDG_IRQHandler) refers to stm32l1xx_hal_wwdg.o(i.HAL_WWDG_IRQHandler) for HAL_WWDG_IRQHandler
    stm32l1xx_it.o(i.WWDG_IRQHandler) refers to wwdg.o(.bss) for hwwdg
    system_stm32l1xx.o(i.SystemCoreClockUpdate) refers to system_stm32l1xx.o(.data) for SystemCoreClock
    system_stm32l1xx.o(i.SystemCoreClockUpdate) refers to system_stm32l1xx.o(.constdata) for PLLMulTable
    sys.o(i.Error_Handler) refers to i2c_oled.o(i.Error_Handler_Disp) for Error_Handler_Disp
    sys.o(i.SystemClock_Config) refers to stm32l1xx_hal_rcc.o(i.HAL_RCC_OscConfig) for HAL_RCC_OscConfig
    sys.o(i.SystemClock_Config) refers to sys.o(i.Error_Handler) for Error_Handler
    sys.o(i.SystemClock_Config) refers to stm32l1xx_hal_rcc.o(i.HAL_RCC_ClockConfig) for HAL_RCC_ClockConfig
    sys.o(i.SystemClock_Config) refers to stm32l1xx_hal_rcc_ex.o(i.HAL_RCCEx_PeriphCLKConfig) for HAL_RCCEx_PeriphCLKConfig
    sys.o(i.SystemClock_Config) refers to stm32l1xx_hal_rcc.o(i.HAL_RCC_GetHCLKFreq) for HAL_RCC_GetHCLKFreq
    sys.o(i.SystemClock_Config) refers to stm32l1xx_hal_cortex.o(i.HAL_SYSTICK_Config) for HAL_SYSTICK_Config
    sys.o(i.SystemClock_Config) refers to stm32l1xx_hal_cortex.o(i.HAL_SYSTICK_CLKSourceConfig) for HAL_SYSTICK_CLKSourceConfig
    sys.o(i.SystemClock_Config) refers to stm32l1xx_hal_cortex.o(i.HAL_NVIC_SetPriority) for HAL_NVIC_SetPriority
    usart.o(i.HAL_UART_MspInit) refers to stm32l1xx_hal_gpio.o(i.HAL_GPIO_Init) for HAL_GPIO_Init
    usart.o(i.HAL_UART_MspInit) refers to stm32l1xx_hal_cortex.o(i.HAL_NVIC_EnableIRQ) for HAL_NVIC_EnableIRQ
[...]
    ..\\FreeRTOS\\timers.c                   0x00000000   Number         0  timers.o ABSOLUTE
    ..\\HALLIB\\Src\\stm32l1xx_hal.c         0x00000000   Number         0  stm32l1xx_hal.o ABSOLUTE
    ..\\HALLIB\\Src\\stm32l1xx_hal_adc.c     0x00000000   Number         0  stm32l1xx_hal_adc.o ABSOLUTE
    ..\\HALLIB\\Src\\stm32l1xx_hal_adc_ex.c  0x00000000   Number         0  stm32l1xx_hal_adc_ex.o ABSOLUTE
    ..\\HALLIB\\Src\\stm32l1xx_hal_cortex.c  0x00000000   Number         0  stm32l1xx_hal_cortex.o ABSOLUTE
    ..\\HALLIB\\Src\\stm32l1xx_hal_dma.c     0x00000000   Number         0  stm32l1xx_hal_dma.o ABSOLUTE
    ..\\HALLIB\\Src\\stm32l1xx_hal_gpio.c    0x00000000   Number         0  stm32l1xx_hal_gpio.o ABSOLUTE
    ..\\HALLIB\\Src\\stm32l1xx_hal_iwdg.c    0x00000000   Number         0  stm32l1xx_hal_iwdg.o ABSOLUTE
    ..\\HALLIB\\Src\\stm32l1xx_hal_pwr.c     0x00000000   Number         0  stm32l1xx_hal_pwr.o ABSOLUTE
    ..\\HALLIB\\Src\\stm32l1xx_hal_pwr_ex.c  0x00000000   Number         0  stm32l1xx_hal_pwr_ex.o ABSOLUTE
    ..\\HALLIB\\Src\\stm32l1xx_hal_rcc.c     0x00000000   Number         0  stm32l1xx_hal_rcc.o ABSOLUTE
    ..\\HALLIB\\Src\\stm32l1xx_hal_rcc_ex.c  0x00000000   Number         0  stm32l1xx_hal_rcc_ex.o ABSOLUTE
    ..\\HALLIB\\Src\\stm32l1xx_hal_rtc.c     0x00000000   Number         0  stm32l1xx_hal_rtc.o ABSOLUTE
    ..\\HALLIB\\Src\\stm32l1xx_hal_rtc_ex.c  0x00000000   Number         0  stm32l1xx_hal_rtc_ex.o ABSOLUTE
    ..\\HALLIB\\Src\\stm32l1xx_hal_spi.c     0x00000000   Number         0  stm32l1xx_hal_spi.o ABSOLUTE
    ..\\HALLIB\\Src\\stm32l1xx_hal_spi_ex.c  0x00000000   Number         0  stm32l1xx_hal_spi_ex.o ABSOLUTE
    ..\\HALLIB\\Src\\stm32l1xx_hal_tim.c     0x00000000   Number         0  stm32l1xx_hal_tim.o ABSOLUTE
    ..\\HALLIB\\Src\\stm32l1xx_hal_tim_ex.c  0x00000000   Number         0  stm32l1xx_hal_tim_ex.o ABSOLUTE
    ..\\HALLIB\\Src\\stm32l1xx_hal_uart.c    0x00000000   Number         0  stm32l1xx_hal_uart.o ABSOLUTE
    ..\\HALLIB\\Src\\stm32l1xx_hal_usart.c   0x00000000   Number         0  stm32l1xx_hal_usart.o ABSOLUTE
    ..\\HALLIB\\Src\\stm32l1xx_hal_wwdg.c    0x00000000   Number         0  stm32l1xx_hal_wwdg.o ABSOLUTE
    ..\\SYSTEM\\sys\\sys.c                   0x00000000   Number         0  sys.o ABSOLUTE
    ..\\SYSTEM\\usart\\usart.c               0x00000000   Number         0  usart.o ABSOLUTE
    cdrcmple.s                               0x00000000   Number         0  cdrcmple.o ABSOLUTE
    dc.s                                     0x00000000   Number         0  dc.o ABSOLUTE
    handlers.s                               0x00000000   Number         0  handlers.o ABSOLUTE
    init.s                                   0x00000000   Number         0  init.o ABSOLUTE
    main.c                                   0x00000000   Number         0  main.o ABSOLUTE
    main.c                                   0x00000000   Number         0  main.o ABSOLUTE
    stm32l1xx_hal_msp.c                      0x00000000   Number         0  stm32l1xx_hal_msp.o ABSOLUTE
    stm32l1xx_hal_msp.c                      0x00000000   Number         0  stm32l1xx_hal_msp.o ABSOLUTE
    stm32l1xx_it.c                           0x00000000   Number         0  stm32l1xx_it.o ABSOLUTE
    stm32l1xx_it.c                           0x00000000   Number         0  stm32l1xx_it.o ABSOLUTE
    system_stm32l1xx.c                       0x00000000   Number         0  system_stm32l1xx.o ABSOLUTE
    system_stm32l1xx.c                       0x00000000   Number         0  system_stm32l1xx.o ABSOLUTE
    RESET                                    0x08000000   Section      244  startup_stm32l152xb.o(RESET)
    .ARM.Collect$$$$00000000                 0x080000f4   Section        0  entry.o(.ARM.Collect$$$$00000000)
    .ARM.Collect$$$$00000001                 0x080000f4   Section        4  entry2.o(.ARM.Collect$$$$00000001)
    .ARM.Collect$$$$00000004                 0x080000f8   Section        4  entry5.o(.ARM.Collect$$$$00000004)
    .ARM.Collect$$$$00000008                 0x080000fc   Section        0  entry7b.o(.ARM.Collect$$$$00000008)
    .ARM.Collect$$$$0000000A                 0x080000fc   Section        0  entry8b.o(.ARM.Collect$$$$0000000A)
    .ARM.Collect$$$$0000000B                 0x080000fc   Section        8  entry9a.o(.ARM.Collect$$$$0000000B)
    .ARM.Collect$$$$0000000D                 0x08000104   Section        0  entry10a.o(.ARM.Collect$$$$0000000D)
    .ARM.Collect$$$$0000000F                 0x08000104   Section        0  entry11a.o(.ARM.Collect$$$$0000000F)
    .ARM.Collect$$$$00002712                 0x08000104   Section        4  entry2.o(.ARM.Collect$$$$00002712)
    __lit__00000000                          0x08000104   Data           4  entry2.o(.ARM.Collect$$$$00002712)
    .emb_text                                0x08000108   Section      150  port.o(.emb_text)
    .text                                    0x080001a0   Section       36  startup_stm32l152xb.o(.text)
    .text                                    0x080001c4   Section        0  memcpya.o(.text)
    .text                                    0x080001e8   Section        0  memseta.o(.text)
    .text                                    0x0800020c   Section        0  strcat.o(.text)
    .text                                    0x08000224   Section       36  init.o(.text)
    i.ADC_ConversionStop_Disable             0x08000248   Section        0  stm32l1xx_hal_adc.o(i.ADC_ConversionStop_Disable)
    i.ADC_Enable                             0x0800029c   Section        0  stm32l1xx_hal_adc.o(i.ADC_Enable)
    i.ADC_Init                               0x08000324   Section        0  adc.o(i.ADC_Init)
    i.AT_NRB                                 0x080003a0   Section        0  bc95.o(i.AT_NRB)
    i.AT_Test                                0x0800043c   Section        0  bc95.o(i.AT_Test)
    i.AttachNetwork                          0x080004e8   Section        0  bc95.o(i.AttachNetwork)
    i.BSP_LED_Init                           0x08000564   Section        0  led.o(i.BSP_LED_Init)
    i.BrdStaDisp                             0x080005f4   Section        0  i2c_oled.o(i.BrdStaDisp)
    i.BusFault_Handler                       0x08000644   Section        0  stm32l1xx_it.o(i.BusFault_Handler)
    i.CDP_Cfg                                0x08000648   Section        0  bc95.o(i.CDP_Cfg)
    i.CDP_Get_Cfg                            0x08000710   Section        0  bc95.o(i.CDP_Get_Cfg)
    i.CFUN_Get_Set                           0x080007f0   Section        0  bc95.o(i.CFUN_Get_Set)
    i.CFUN_Set                               0x080008b4   Section        0  bc95.o(i.CFUN_Set)
    i.CGATT_Get_Set                          0x08000964   Section        0  bc95.o(i.CGATT_Get_Set)
    i.CGATT_Set                              0x08000a2c   Section        0  bc95.o(i.CGATT_Set)
    i.DebugMon_Handler                       0x08000ae0   Section        0  stm32l1xx_it.o(i.DebugMon_Handler)
    i.Error_Handler                          0x08000ae2   Section        0  sys.o(i.Error_Handler)
    i.Error_Handler_Disp                     0x08000af4   Section        0  i2c_oled.o(i.Error_Handler_Disp)
    i.GetAdcValue                            0x08000b34   Section        0  adc.o(i.GetAdcValue)
    i.HAL_ADC_ConfigChannel                  0x08000ba4   Section        0  stm32l1xx_hal_adc.o(i.HAL_ADC_ConfigChannel)
    i.HAL_ADC_GetValue                       0x08000d7c   Section        0  stm32l1xx_hal_adc.o(i.HAL_ADC_GetValue)
    i.HAL_ADC_Init                           0x08000d84   Section        0  stm32l1xx_hal_adc.o(i.HAL_ADC_Init)
    i.HAL_ADC_MspDeInit                      0x08000f50   Section        0  stm32l1xx_hal_msp.o(i.HAL_ADC_MspDeInit)
    i.HAL_ADC_MspInit                        0x08000f80   Section        0  stm32l1xx_hal_msp.o(i.HAL_ADC_MspInit)
    i.HAL_ADC_Start_IT                       0x08000fdc   Section        0  stm32l1xx_hal_adc.o(i.HAL_ADC_Start_IT)
    i.HAL_ADC_Stop_IT                        0x08001078   Section        0  stm32l1xx_hal_adc.o(i.HAL_ADC_Stop_IT)
    i.HAL_Delay                              0x080010c4   Section        0  stm32l1xx_hal.o(i.HAL_Delay)
    i.HAL_GPIO_DeInit                        0x080010e0   Section        0  stm32l1xx_hal_gpio.o(i.HAL_GPIO_DeInit)
    i.HAL_GPIO_Init                          0x08001200   Section        0  stm32l1xx_hal_gpio.o(i.HAL_GPIO_Init)
    i.HAL_GPIO_WritePin                      0x080013d0   Section        0  stm32l1xx_hal_gpio.o(i.HAL_GPIO_WritePin)
    i.HAL_GetTick                            0x080013dc   Section        0  stm32l1xx_hal.o(i.HAL_GetTick)
    i.HAL_IncTick                            0x080013e8   Section        0  stm32l1xx_hal.o(i.HAL_IncTick)
    i.HAL_Init                               0x080013f8   Section        0  stm32l1xx_hal.o(i.HAL_Init)
    i.HAL_InitTick                           0x0800142c   Section        0  stm32l1xx_hal.o(i.HAL_InitTick)
    i.HAL_MspDeInit                          0x08001454   Section        0  stm32l1xx_hal_msp.o(i.HAL_MspDeInit)
    i.HAL_MspInit                            0x080014a4   Section        0  stm32l1xx_hal_msp.o(i.HAL_MspInit)
    i.HAL_NVIC_DisableIRQ                    0x08001554   Section        0  stm32l1xx_hal_cortex.o(i.HAL_NVIC_DisableIRQ)
    i.HAL_NVIC_EnableIRQ                     0x08001570   Section        0  stm32l1xx_hal_cortex.o(i.HAL_NVIC_EnableIRQ)
    i.HAL_NVIC_SetPriority                   0x0800158a   Section        0  stm32l1xx_hal_cortex.o(i.HAL_NVIC_SetPriority)
    i.HAL_NVIC_SetPriorityGrouping           0x08001608   Section        0  stm32l1xx_hal_cortex.o(i.HAL_NVIC_SetPriorityGrouping)
    i.HAL_PWR_DisableBkUpAccess              0x08001630   Section        0  stm32l1xx_hal_pwr.o(i.HAL_PWR_DisableBkUpAccess)
    i.HAL_PWR_EnableBkUpAccess               0x0800164c   Section        0  stm32l1xx_hal_pwr.o(i.HAL_PWR_EnableBkUpAccess)
    i.HAL_PWR_EnterSTANDBYMode               0x08001664   Section        0  stm32l1xx_hal_pwr.o(i.HAL_PWR_EnterSTANDBYMode)
    i.HAL_RCCEx_PeriphCLKConfig              0x0800168c   Section        0  stm32l1xx_hal_rcc_ex.o(i.HAL_RCCEx_PeriphCLKConfig)
    i.HAL_RCC_ClockConfig                    0x08001890   Section        0  stm32l1xx_hal_rcc.o(i.HAL_RCC_ClockConfig)
    i.HAL_RCC_GetHCLKFreq                    0x08001b78   Section        0  stm32l1xx_hal_rcc.o(i.HAL_RCC_GetHCLKFreq)
    i.HAL_RCC_GetPCLK1Freq                   0x08001b84   Section        0  stm32l1xx_hal_rcc.o(i.HAL_RCC_GetPCLK1Freq)
    i.HAL_RCC_GetPCLK2Freq                   0x08001bb0   Section        0  stm32l1xx_hal_rcc.o(i.HAL_RCC_GetPCLK2Freq)
    i.HAL_RCC_GetSysClockFreq                0x08001bdc   Section        0  stm32l1xx_hal_rcc.o(i.HAL_RCC_GetSysClockFreq)
    i.HAL_RCC_OscConfig                      0x08001c90   Section        0  stm32l1xx_hal_rcc.o(i.HAL_RCC_OscConfig)
    i.HAL_RTCEx_BKUPRead                     0x0800264c   Section        0  stm32l1xx_hal_rtc_ex.o(i.HAL_RTCEx_BKUPRead)
    i.HAL_RTCEx_BKUPWrite                    0x0800265e   Section        0  stm32l1xx_hal_rtc_ex.o(i.HAL_RTCEx_BKUPWrite)
    i.HAL_RTCEx_SetWakeUpTimer_IT            0x08002670   Section        0  stm32l1xx_hal_rtc_ex.o(i.HAL_RTCEx_SetWakeUpTimer_IT)
    i.HAL_RTCEx_WakeUpTimerEventCallback     0x080027a0   Section        0  lowpower.o(i.HAL_RTCEx_WakeUpTimerEventCallback)
    i.HAL_RTCEx_WakeUpTimerIRQHandler        0x080027a4   Section        0  stm32l1xx_hal_rtc_ex.o(i.HAL_RTCEx_WakeUpTimerIRQHandler)
    i.HAL_RTC_Init                           0x080027dc   Section        0  stm32l1xx_hal_rtc.o(i.HAL_RTC_Init)
    i.HAL_RTC_MspInit                        0x08002890   Section        0  stm32l1xx_hal_msp.o(i.HAL_RTC_MspInit)
    i.HAL_RTC_SetDate                        0x080028cc   Section        0  stm32l1xx_hal_rtc.o(i.HAL_RTC_SetDate)
    i.HAL_RTC_SetTime                        0x080029d4   Section        0  stm32l1xx_hal_rtc.o(i.HAL_RTC_SetTime)
    i.HAL_RTC_WaitForSynchro                 0x08002b00   Section        0  stm32l1xx_hal_rtc_ex.o(i.HAL_RTC_WaitForSynchro)
    i.HAL_SYSTICK_CLKSourceConfig            0x08002b3a   Section        0  stm32l1xx_hal_cortex.o(i.HAL_SYSTICK_CLKSourceConfig)
    i.HAL_SYSTICK_Config                     0x08002b62   Section        0  stm32l1xx_hal_cortex.o(i.HAL_SYSTICK_Config)
    i.HAL_TIM_IC_CaptureCallback             0x08002b96   Section        0  stm32l1xx_hal_tim.o(i.HAL_TIM_IC_CaptureCallback)
    i.HAL_TIM_IRQHandler                     0x08002b98   Section        0  stm32l1xx_hal_tim.o(i.HAL_TIM_IRQHandler)
    i.HAL_TIM_OC_DelayElapsedCallback        0x08002cea   Section        0  stm32l1xx_hal_tim.o(i.HAL_TIM_OC_DelayElapsedCallback)
    i.HAL_TIM_PWM_PulseFinishedCallback      0x08002cec   Section        0  stm32l1xx_hal_tim.o(i.HAL_TIM_PWM_PulseFinishedCallback)
    i.HAL_TIM_PeriodElapsedCallback          0x08002cee   Section        0  timer.o(i.HAL_TIM_PeriodElapsedCallback)
    i.HAL_TIM_TriggerCallback                0x08002cf0   Section        0  stm32l1xx_hal_tim.o(i.HAL_TIM_TriggerCallback)
    i.HAL_UART_ErrorCallback                 0x08002cf2   Section        0  stm32l1xx_hal_uart.o(i.HAL_UART_ErrorCallback)
    i.HAL_UART_GetState                      0x08002cf4   Section        0  stm32l1xx_hal_uart.o(i.HAL_UART_GetState)
    i.HAL_UART_IRQHandler                    0x08002cfc   Section        0  stm32l1xx_hal_uart.o(i.HAL_UART_IRQHandler)
    i.HAL_UART_Init                          0x08002dd6   Section        0  stm32l1xx_hal_uart.o(i.HAL_UART_Init)
    i.HAL_UART_MspDeInit                     0x08002e44   Section        0  stm32l1xx_hal_msp.o(i.HAL_UART_MspDeInit)
    i.HAL_UART_MspInit                       0x08002e7c   Section        0  usart.o(i.HAL_UART_MspInit)
    i.HAL_UART_Receive_IT                    0x08002f04   Section        0  stm32l1xx_hal_uart.o(i.HAL_UART_Receive_IT)
    i.HAL_UART_RxCpltCallback                0x08002f8c   Section        0  usart.o(i.HAL_UART_RxCpltCallback)
    i.HAL_UART_TxCpltCallback                0x08002fd4   Section        0  stm32l1xx_hal_uart.o(i.HAL_UART_TxCpltCallback)
    i.HAL_WWDG_EarlyWakeupCallback           0x08002fd6   Section        0  wwdg.o(i.HAL_WWDG_EarlyWakeupCallback)
    i.HAL_WWDG_IRQHandler                    0x08002fe2   Section        0  stm32l1xx_hal_wwdg.o(i.HAL_WWDG_IRQHandler)
    i.HAL_WWDG_Init                          0x0800300a   Section        0  stm32l1xx_hal_wwdg.o(i.HAL_WWDG_Init)
    i.HAL_WWDG_MspInit                       0x08003038   Section        0  stm32l1xx_hal_msp.o(i.HAL_WWDG_MspInit)
    i.HAL_WWDG_Refresh                       0x0800307c   Section        0  stm32l1xx_hal_wwdg.o(i.HAL_WWDG_Refresh)
    i.HardFault_Handler                      0x08003088   Section        0  stm32l1xx_it.o(i.HardFault_Handler)
    i.I2C_OLED_Init                          0x0800308c   Section        0  i2c_oled.o(i.I2C_OLED_Init)
    i.I2C_WriteByte                          0x08003094   Section        0  i2c_oled.o(i.I2C_WriteByte)
    i.IIC_Init                               0x080030c4   Section        0  myiic.o(i.IIC_Init)
    i.IIC_Send_Byte                          0x0800311c   Section        0  myiic.o(i.IIC_Send_Byte)
    i.IIC_Start                              0x0800316c   Section        0  myiic.o(i.IIC_Start)
    i.IIC_Stop                               0x080031a8   Section        0  myiic.o(i.IIC_Stop)
    i.IIC_Wait_Ack                           0x080031e4   Section        0  myiic.o(i.IIC_Wait_Ack)
    i.IO_Init                                0x08003238   Section        0  io.o(i.IO_Init)
    i.InitDisp                               0x08003290   Section        0  i2c_oled.o(i.InitDisp)
    i.MSG_Send                               0x080032f8   Section        0  bc95.o(i.MSG_Send)
    i.MemManage_Handler                      0x080033ec   Section        0  stm32l1xx_it.o(i.MemManage_Handler)
    i.MsgDisp                                0x080033f0   Section        0  i2c_oled.o(i.MsgDisp)
    i.MsgSentDisp                            0x08003498   Section        0  i2c_oled.o(i.MsgSentDisp)
    i.NBAND_Get_Set                          0x080034b4   Section        0  bc95.o(i.NBAND_Get_Set)
    i.NBAND_Set                              0x0800359c   Section        0  bc95.o(i.NBAND_Set)
    i.NMI_Handler                            0x08003664   Section        0  stm32l1xx_it.o(i.NMI_Handler)
    i.NVIC_GetPriorityGrouping               0x08003668   Section        0  stm32l1xx_hal_cortex.o(i.NVIC_GetPriorityGrouping)
    NVIC_GetPriorityGrouping                 0x08003669   Thumb Code    10  stm32l1xx_hal_cortex.o(i.NVIC_GetPriorityGrouping)
    i.NVIC_SetPriority                       0x08003678   Section        0  stm32l1xx_hal_cortex.o(i.NVIC_SetPriority)
    NVIC_SetPriority                         0x08003679   Thumb Code    32  stm32l1xx_hal_cortex.o(i.NVIC_SetPriority)
    i.Num2Str                                0x080036a0   Section        0  algorithm.o(i.Num2Str)
    i.OLED_CLS                               0x080036dc   Section        0  i2c_oled.o(i.OLED_CLS)
    i.OLED_Fill                              0x080036e6   Section        0  i2c_oled.o(i.OLED_Fill)
    i.OLED_Init                              0x08003720   Section        0  i2c_oled.o(i.OLED_Init)
    i.OLED_OFF                               0x080037d8   Section        0  i2c_oled.o(i.OLED_OFF)
    i.OLED_SetPos                            0x080037ee   Section        0  i2c_oled.o(i.OLED_SetPos)
    i.OLED_ShowNum                           0x08003816   Section        0  i2c_oled.o(i.OLED_ShowNum)
    i.OLED_ShowStr                           0x08003894   Section        0  i2c_oled.o(i.OLED_ShowStr)
    i.PostSleepProcessing                    0x08003980   Section        0  lowpower.o(i.PostSleepProcessing)
    i.PreSleepProcessing                     0x080039d8   Section        0  lowpower.o(i.PreSleepProcessing)
    i.RCC_SetFlashLatencyFromMSIRange        0x08003a00   Section        0  stm32l1xx_hal_rcc.o(i.RCC_SetFlashLatencyFromMSIRange)
    RCC_SetFlashLatencyFromMSIRange          0x08003a01   Thumb Code   158  stm32l1xx_hal_rcc.o(i.RCC_SetFlashLatencyFromMSIRange)
    i.RTC_Bcd2ToByte                         0x08003aac   Section        0  stm32l1xx_hal_rtc.o(i.RTC_Bcd2ToByte)
    i.RTC_ByteToBcd2                         0x08003ac2   Section        0  stm32l1xx_hal_rtc.o(i.RTC_ByteToBcd2)
    i.RTC_EnterInitMode                      0x08003adc   Section        0  stm32l1xx_hal_rtc.o(i.RTC_EnterInitMode)
    i.RTC_Init                               0x08003b1c   Section        0  lowpower.o(i.RTC_Init)
    i.RTC_WKUP_IRQHandler                    0x08003bf0   Section        0  stm32l1xx_it.o(i.RTC_WKUP_IRQHandler)
    i.StartWaitMsg                           0x08003c00   Section        0  bc95.o(i.StartWaitMsg)
    i.StopWaitMsg                            0x08003c18   Section        0  bc95.o(i.StopWaitMsg)
    i.Str2HexStr                             0x08003c2c   Section        0  algorithm.o(i.Str2HexStr)
    i.StrCmp                                 0x08003ca0   Section        0  algorithm.o(i.StrCmp)
    i.SysInit                                0x08003ccc   Section        0  mytask.o(i.SysInit)
    i.SysTick_Handler                        0x08003d90   Section        0  stm32l1xx_it.o(i.SysTick_Handler)
    i.Sys_Entry_Standby                      0x08003de0   Section        0  lowpower.o(i.Sys_Entry_Standby)
    i.SystemClock_Config                     0x08003eb8   Section        0  sys.o(i.SystemClock_Config)
    i.SystemInit                             0x08003f74   Section        0  system_stm32l1xx.o(i.SystemInit)
    i.TIM2_IRQHandler                        0x08003fd8   Section        0  stm32l1xx_it.o(i.TIM2_IRQHandler)
    i.UART_EndTransmit_IT                    0x08003fe8   Section        0  stm32l1xx_hal_uart.o(i.UART_EndTransmit_IT)
    UART_EndTransmit_IT                      0x08003fe9   Thumb Code    48  stm32l1xx_hal_uart.o(i.UART_EndTransmit_IT)
    i.UART_Receive_IT                        0x08004018   Section        0  stm32l1xx_hal_uart.o(i.UART_Receive_IT)
    UART_Receive_IT                          0x08004019   Thumb Code   188  stm32l1xx_hal_uart.o(i.UART_Receive_IT)
    i.UART_SetConfig                         0x080040d4   Section        0  stm32l1xx_hal_uart.o(i.UART_SetConfig)
    UART_SetConfig                           0x080040d5   Thumb Code   850  stm32l1xx_hal_uart.o(i.UART_SetConfig)
    i.UART_Transmit_IT                       0x0800442c   Section        0  stm32l1xx_hal_uart.o(i.UART_Transmit_IT)
    UART_Transmit_IT                         0x0800442d   Thumb Code   112  stm32l1xx_hal_uart.o(i.UART_Transmit_IT)
    i.USART3_IRQHandler                      0x0800449c   Section        0  usart.o(i.USART3_IRQHandler)
    i.UsageFault_Handler                     0x080044dc   Section        0  stm32l1xx_it.o(i.UsageFault_Handler)
    i.WWDG_IRQHandler                        0x080044e0   Section        0  stm32l1xx_it.o(i.WWDG_IRQHandler)
    i.WWDG_Init                              0x080044f0   Section        0  wwdg.o(i.WWDG_Init)
    i.WriteCmd                               0x08004538   Section        0  i2c_oled.o(i.WriteCmd)
    i.WriteDat                               0x08004546   Section        0  i2c_oled.o(i.WriteDat)
    i.__0printf$0                            0x08004554   Section        0  printf0.o(i.__0printf$0)
    i.__scatterload_copy                     0x08004564   Section       14  handlers.o(i.__scatterload_copy)
    i.__scatterload_null                     0x08004572   Section        2  handlers.o(i.__scatterload_null)
    i.__scatterload_zeroinit                 0x08004574   Section       14  handlers.o(i.__scatterload_zeroinit)
    i._printf_core                           0x08004582   Section        0  printf0.o(i._printf_core)
    _printf_core                             0x08004583   Thumb Code    34  printf0.o(i._printf_core)
    i.attach_network_task                    0x080045a4   Section        0  mytask.o(i.attach_network_task)
    i.cmdDisp                                0x080045e8   Section        0  i2c_oled.o(i.cmdDisp)
    i.eTaskConfirmSleepModeStatus            0x08004604   Section        0  tasks.o(i.eTaskConfirmSleepModeStatus)
    i.fputc                                  0x08004640   Section        0  usart.o(i.fputc)
    i.getdata_task                           0x0800465c   Section        0  mytask.o(i.getdata_task)
    i.indicator_task                         0x08004738   Section        0  mytask.o(i.indicator_task)
    i.main                                   0x080047ac   Section        0  main.o(i.main)
    i.mypow                                  0x080047e4   Section        0  algorithm.o(i.mypow)
    i.prvAddCurrentTaskToDelayedList         0x080047fc   Section        0  tasks.o(i.prvAddCurrentTaskToDelayedList)
    prvAddCurrentTaskToDelayedList           0x080047fd   Thumb Code   124  tasks.o(i.prvAddCurrentTaskToDelayedList)
    i.prvAddNewTaskToReadyList               0x08004894   Section        0  tasks.o(i.prvAddNewTaskToReadyList)
    prvAddNewTaskToReadyList                 0x08004895   Thumb Code   150  tasks.o(i.prvAddNewTaskToReadyList)
    i.prvCheckTasksWaitingTermination        0x08004948   Section        0  tasks.o(i.prvCheckTasksWaitingTermination)
    prvCheckTasksWaitingTermination          0x08004949   Thumb Code    60  tasks.o(i.prvCheckTasksWaitingTermination)
    i.prvDeleteTCB                           0x08004990   Section        0  tasks.o(i.prvDeleteTCB)
    prvDeleteTCB                             0x08004991   Thumb Code    18  tasks.o(i.prvDeleteTCB)
    i.prvGetExpectedIdleTime                 0x080049a4   Section        0  tasks.o(i.prvGetExpectedIdleTime)
    prvGetExpectedIdleTime                   0x080049a5   Thumb Code    56  tasks.o(i.prvGetExpectedIdleTime)
    i.prvHeapInit                            0x080049f0   Section        0  heap_4.o(i.prvHeapInit)
    prvHeapInit                              0x080049f1   Thumb Code    98  heap_4.o(i.prvHeapInit)
    i.prvIdleTask                            0x08004a6c   Section        0  tasks.o(i.prvIdleTask)
    prvIdleTask                              0x08004a6d   Thumb Code   108  tasks.o(i.prvIdleTask)
    i.prvInitialiseNewTask                   0x08004ae8   Section        0  tasks.o(i.prvInitialiseNewTask)
    prvInitialiseNewTask                     0x08004ae9   Thumb Code   170  tasks.o(i.prvInitialiseNewTask)
    i.prvInitialiseTaskLists                 0x08004b94   Section        0  tasks.o(i.prvInitialiseTaskLists)
    prvInitialiseTaskLists                   0x08004b95   Thumb Code    70  tasks.o(i.prvInitialiseTaskLists)
    i.prvInsertBlockIntoFreeList             0x08004bfc   Section        0  heap_4.o(i.prvInsertBlockIntoFreeList)
    prvInsertBlockIntoFreeList               0x08004bfd   Thumb Code    96  heap_4.o(i.prvInsertBlockIntoFreeList)
    i.prvResetNextTaskUnblockTime            0x08004c64   Section        0  tasks.o(i.prvResetNextTaskUnblockTime)
    prvResetNextTaskUnblockTime              0x08004c65   Thumb Code    42  tasks.o(i.prvResetNextTaskUnblockTime)
    i.prvTaskExitError                       0x08004c98   Section        0  port.o(i.prvTaskExitError)
    prvTaskExitError                         0x08004c99   Thumb Code    60  port.o(i.prvTaskExitError)
    i.pvPortMalloc                           0x08004cd8   Section        0  heap_4.o(i.pvPortMalloc)
    i.pxPortInitialiseStack                  0x08004e14   Section        0  port.o(i.pxPortInitialiseStack)
    i.sgnDisp                                0x08004e38   Section        0  i2c_oled.o(i.sgnDisp)
    i.start_task                             0x08004e54   Section        0  mytask.o(i.start_task)
    i.uart_init                              0x08004ef8   Section        0  usart.o(i.uart_init)
    i.uxListRemove                           0x08004f58   Section        0  list.o(i.uxListRemove)
    i.vListInitialise                        0x08004f80   Section        0  list.o(i.vListInitialise)
    i.vListInitialiseItem                    0x08004f9a   Section        0  list.o(i.vListInitialiseItem)
    i.vListInsert                            0x08004fa0   Section        0  list.o(i.vListInsert)
    i.vListInsertEnd                         0x08004fd4   Section        0  list.o(i.vListInsertEnd)
    i.vPortEnterCritical                     0x08004fec   Section        0  port.o(i.vPortEnterCritical)
    i.vPortExitCritical                      0x08005040   Section        0  port.o(i.vPortExitCritical)
    i.vPortFree                              0x0800507c   Section        0  heap_4.o(i.vPortFree)
    i.vPortSetupTimerInterrupt               0x08005110   Section        0  port.o(i.vPortSetupTimerInterrupt)
    i.vPortSuppressTicksAndSleep             0x08005178   Section        0  port.o(i.vPortSuppressTicksAndSleep)
    i.vTaskDelay                             0x080052d0   Section        0  tasks.o(i.vTaskDelay)
    i.vTaskDelete                            0x0800532c   Section        0  tasks.o(i.vTaskDelete)
    i.vTaskStartScheduler                    0x08005420   Section        0  tasks.o(i.vTaskStartScheduler)
    i.vTaskStepTick                          0x080054a8   Section        0  tasks.o(i.vTaskStepTick)
    i.vTaskSuspendAll                        0x080054e8   Section        0  tasks.o(i.vTaskSuspendAll)
    i.vTaskSwitchContext                     0x080054f8   Section        0  tasks.o(i.vTaskSwitchContext)
    i.xPortStartScheduler                    0x08005584   Section        0  port.o(i.xPortStartScheduler)
    i.xPortSysTickHandler                    0x080056a8   Section        0  port.o(i.xPortSysTickHandler)
    i.xTaskCreate                            0x080056dc   Section        0  tasks.o(i.xTaskCreate)
    i.xTaskGetSchedulerState                 0x0800573c   Section        0  tasks.o(i.xTaskGetSchedulerState)
    i.xTaskIncrementTick                     0x0800575c   Section        0  tasks.o(i.xTaskIncrementTick)
    i.xTaskResumeAll                         0x080058a4   Section        0  tasks.o(i.xTaskResumeAll)
    .constdata                               0x080059a8   Section       33  system_stm32l1xx.o(.constdata)
    .constdata                               0x080059c9   Section     2072  i2c_oled.o(.constdata)
    .constdata                               0x080061e4   Section      383  bc95.o(.constdata)
    .conststring                             0x08006364   Section       16  mytask.o(.conststring)
    .data                                    0x20000000   Section        4  system_stm32l1xx.o(.data)
    .data                                    0x20000004   Section        7  usart.o(.data)
    .data                                    0x2000000c   Section        4  stm32l1xx_hal.o(.data)
    .data                                    0x20000010   Section       44  mytask.o(.data)
    Data_Num                                 0x20000035   Data           1  mytask.o(.data)
    Adc_Val                                  0x20000038   Data           4  mytask.o(.data)
    .data                                    0x2000003c   Section       60  tasks.o(.data)
    pxDelayedTaskList                        0x20000040   Data           4  tasks.o(.data)
    pxOverflowDelayedTaskList                0x20000044   Data           4  tasks.o(.data)
    uxDeletedTasksWaitingCleanUp             0x20000048   Data           4  tasks.o(.data)
    uxCurrentNumberOfTasks                   0x2000004c   Data           4  tasks.o(.data)
    xTickCount                               0x20000050   Data           4  tasks.o(.data)
    uxTopReadyPriority                       0x20000054   Data           4  tasks.o(.data)
    xSchedulerRunning                        0x20000058   Data           4  tasks.o(.data)
    uxPendedTicks                            0x2000005c   Data           4  tasks.o(.data)
    xYieldPending                            0x20000060   Data           4  tasks.o(.data)
    xNumOfOverflows                          0x20000064   Data           4  tasks.o(.data)
    uxTaskNumber                             0x20000068   Data           4  tasks.o(.data)
    xNextTaskUnblockTime                     0x2000006c   Data           4  tasks.o(.data)
    xIdleTaskHandle                          0x20000070   Data           4  tasks.o(.data)
    uxSchedulerSuspended                     0x20000074   Data           4  tasks.o(.data)
    .data                                    0x20000078   Section       24  heap_4.o(.data)
    xStart                                   0x20000078   Data           8  heap_4.o(.data)
    pxEnd                                    0x20000080   Data           4  heap_4.o(.data)
    xFreeBytesRemaining                      0x20000084   Data           4  heap_4.o(.data)
    xMinimumEverFreeBytesRemaining           0x20000088   Data           4  heap_4.o(.data)
    xBlockAllocatedBit                       0x2000008c   Data           4  heap_4.o(.data)
    .data                                    0x20000090   Section       24  port.o(.data)
    uxCriticalNesting                        0x20000090   Data           4  port.o(.data)
    ulTimerCountsForOneTick                  0x20000094   Data           4  port.o(.data)
    xMaximumPossibleSuppressedTicks          0x20000098   Data           4  port.o(.data)
    ulStoppedTimerCompensation               0x2000009c   Data           4  port.o(.data)
    ucMaxSysCallPriority                     0x200000a0   Data           1  port.o(.data)
    ulMaxPRIGROUPValue                       0x200000a4   Data           4  port.o(.data)
    .bss                                     0x200000a8   Section      172  usart.o(.bss)
    .bss                                     0x20000154   Section       56  timer.o(.bss)
    .bss                                     0x2000018c   Section       32  lowpower.o(.bss)
    .bss                                     0x200001ac   Section       84  adc.o(.bss)
    .bss                                     0x20000200   Section       20  wwdg.o(.bss)
    .bss                                     0x20000214   Section      240  tasks.o(.bss)
    pxReadyTasksLists                        0x20000214   Data         140  tasks.o(.bss)
    xDelayedTaskList1                        0x200002a0   Data          20  tasks.o(.bss)
    xDelayedTaskList2                        0x200002b4   Data          20  tasks.o(.bss)
    xPendingReadyList                        0x200002c8   Data          20  tasks.o(.bss)
    xTasksWaitingTermination                 0x200002dc   Data          20  tasks.o(.bss)
    xSuspendedTaskList                       0x200002f0   Data          20  tasks.o(.bss)
    .bss                                     0x20000304   Section     3072  heap_4.o(.bss)
    ucHeap                                   0x20000304   Data        3072  heap_4.o(.bss)
    STACK                                    0x20000f08   Section     1024  startup_stm32l152xb.o(STACK)

    Global Symbols

    Symbol Name                              Value     Ov Type        Size  Object(Section)

    BuildAttributes$$THM_ISAv4$P$D$K$B$S$PE$A:L22UL41UL21$X:L11$S22US41US21$IEEE1$IW$USESV6$~STKCKD$USESV7$~SHL$OSPACE$ROPI$EBA8$MICROLIB$REQ8$PRES8$EABIv2 0x00000000   Number         0  anon$$obj.o ABSOLUTE
    __ARM_use_no_argv                        0x00000000   Number         0  main.o ABSOLUTE
    __use_no_errno                           0x00000000   Number         0  useno.o ABSOLUTE
    __use_no_exception_handling              0x00000000   Number         0  useno.o ABSOLUTE
    __use_no_fp                              0x00000000   Number         0  useno.o ABSOLUTE
    __use_no_heap                            0x00000000   Number         0  useno.o ABSOLUTE
    __use_no_heap_region                     0x00000000   Number         0  useno.o ABSOLUTE
    __use_no_semihosting                     0x00000000   Number         0  useno.o ABSOLUTE
    __use_no_semihosting_swi                 0x00000000   Number         0  useno.o ABSOLUTE
    __use_no_signal_handling                 0x00000000   Number         0  useno.o ABSOLUTE
    _printf_a                                0x00000000   Number         0  stubs.o ABSOLUTE
    _printf_c                                0x00000000   Number         0  stubs.o ABSOLUTE
    _printf_charcount                        0x00000000   Number         0  stubs.o ABSOLUTE
    _printf_d                                0x00000000   Number         0  stubs.o ABSOLUTE
    _printf_e                                0x00000000   Number         0  stubs.o ABSOLUTE
    _printf_f                                0x00000000   Number         0  stubs.o ABSOLUTE
    _printf_flags                            0x00000000   Number         0  stubs.o ABSOLUTE
    _printf_fp_dec                           0x00000000   Number         0  stubs.o ABSOLUTE
    _printf_fp_hex                           0x00000000   Number         0  stubs.o ABSOLUTE
    _printf_g                                0x00000000   Number         0  stubs.o ABSOLUTE
    _printf_i                                0x00000000   Number         0  stubs.o ABSOLUTE
    _printf_int_dec                          0x00000000   Number         0  stubs.o ABSOLUTE
    _printf_l                                0x00000000   Number         0  stubs.o ABSOLUTE
    _printf_lc                               0x00000000   Number         0  stubs.o ABSOLUTE
    _printf_ll                               0x00000000   Number         0  stubs.o ABSOLUTE
    _printf_lld                              0x00000000   Number         0  stubs.o ABSOLUTE
    _printf_lli                              0x00000000   Number         0  stubs.o ABSOLUTE
    _printf_llo                              0x00000000   Number         0  stubs.o ABSOLUTE
    _printf_llu                              0x00000000   Number         0  stubs.o ABSOLUTE
    _printf_llx                              0x00000000   Number         0  stubs.o ABSOLUTE
    _printf_longlong_dec                     0x00000000   Number         0  stubs.o ABSOLUTE
    _printf_longlong_hex                     0x00000000   Number         0  stubs.o ABSOLUTE
    _printf_longlong_oct                     0x00000000   Number         0  stubs.o ABSOLUTE
    _printf_ls                               0x00000000   Number         0  stubs.o ABSOLUTE
    _printf_mbtowc                           0x00000000   Number         0  stubs.o ABSOLUTE
    _printf_n                                0x00000000   Number         0  stubs.o ABSOLUTE
    _printf_o                                0x00000000   Number         0  stubs.o ABSOLUTE
    _printf_p                                0x00000000   Number         0  stubs.o ABSOLUTE
    _printf_percent                          0x00000000   Number         0  stubs.o ABSOLUTE
    _printf_pre_padding                      0x00000000   Number         0  stubs.o ABSOLUTE
    _printf_return_value                     0x00000000   Number         0  stubs.o ABSOLUTE
    _printf_s                                0x00000000   Number         0  stubs.o ABSOLUTE
    _printf_sizespec                         0x00000000   Number         0  stubs.o ABSOLUTE
    _printf_str                              0x00000000   Number         0  stubs.o ABSOLUTE
    _printf_truncate_signed                  0x00000000   Number         0  stubs.o ABSOLUTE
    _printf_truncate_unsigned                0x00000000   Number         0  stubs.o ABSOLUTE
    _printf_u                                0x00000000   Number         0  stubs.o ABSOLUTE
    _printf_wc                               0x00000000   Number         0  stubs.o ABSOLUTE
    _printf_wctomb                           0x00000000   Number         0  stubs.o ABSOLUTE
    _printf_widthprec                        0x00000000   Number         0  stubs.o ABSOLUTE
    _printf_x                                0x00000000   Number         0  stubs.o ABSOLUTE
    __cpp_initialize__aeabi_                  - Undefined Weak Reference
    __cxa_finalize                            - Undefined Weak Reference
    __decompress                              - Undefined Weak Reference
    _clock_init                               - Undefined Weak Reference
    _microlib_exit                            - Undefined Weak Reference
    __Vectors_Size                           0x000000f4   Number         0  startup_stm32l152xb.o ABSOLUTE
    __Vectors                                0x08000000   Data           4  startup_stm32l152xb.o(RESET)
    __Vectors_End                            0x080000f4   Data           0  startup_stm32l152xb.o(RESET)
    __main                                   0x080000f5   Thumb Code     0  entry.o(.ARM.Collect$$$$00000000)
    _main_stk                                0x080000f5   Thumb Code     0  entry2.o(.ARM.Collect$$$$00000001)
    _main_scatterload                        0x080000f9   Thumb Code     0  entry5.o(.ARM.Collect$$$$00000004)
    __main_after_scatterload                 0x080000fd   Thumb Code     0  entry5.o(.ARM.Collect$$$$00000004)
    _main_clock                              0x080000fd   Thumb Code     0  entry7b.o(.ARM.Collect$$$$00000008)
    _main_cpp_init                           0x080000fd   Thumb Code     0  entry8b.o(.ARM.Collect$$$$0000000A)
    _main_init                               0x080000fd   Thumb Code     0  entry9a.o(.ARM.Collect$$$$0000000B)
    __rt_final_cpp                           0x08000105   Thumb Code     0  entry10a.o(.ARM.Collect$$$$0000000D)
    __rt_final_exit                          0x08000105   Thumb Code     0  entry11a.o(.ARM.Collect$$$$0000000F)
    SVC_Handler                              0x08000109   Thumb Code    32  port.o(.emb_text)
    __asm___6_port_c_39a90d8d__prvStartFirstTask 0x0800012d   Thumb Code    28  port.o(.emb_text)
    PendSV_Handler                           0x0800014d   Thumb Code    72  port.o(.emb_text)
    vPortGetIPSR                             0x08000199   Thumb Code     6  port.o(.emb_text)
    Reset_Handler                            0x080001a1   Thumb Code     8  startup_stm32l152xb.o(.text)
    ADC1_IRQHandler                          0x080001bb   Thumb Code     0  startup_stm32l152xb.o(.text)
    COMP_IRQHandler                          0x080001bb   Thumb Code     0  startup_stm32l152xb.o(.text)
    DAC_IRQHandler                           0x080001bb   Thumb Code     0  startup_stm32l152xb.o(.text)
    DMA1_Channel1_IRQHandler                 0x080001bb   Thumb Code     0  startup_stm32l152xb.o(.text)
    DMA1_Channel2_IRQHandler                 0x080001bb   Thumb Code     0  startup_stm32l152xb.o(.text)
    DMA1_Channel3_IRQHandler                 0x080001bb   Thumb Code     0  startup_stm32l152xb.o(.text)
    DMA1_Channel4_IRQHandler                 0x080001bb   Thumb Code     0  startup_stm32l152xb.o(.text)
    DMA1_Channel5_IRQHandler                 0x080001bb   Thumb Code     0  startup_stm32l152xb.o(.text)
    DMA1_Channel6_IRQHandler                 0x080001bb   Thumb Code     0  startup_stm32l152xb.o(.text)
    DMA1_Channel7_IRQHandler                 0x080001bb   Thumb Code     0  startup_stm32l152xb.o(.text)
    EXTI0_IRQHandler                         0x080001bb   Thumb Code     0  startup_stm32l152xb.o(.text)
    EXTI15_10_IRQHandler                     0x080001bb   Thumb Code     0  startup_stm32l152xb.o(.text)
    EXTI1_IRQHandler                         0x080001bb   Thumb Code     0  startup_stm32l152xb.o(.text)
    EXTI2_IRQHandler                         0x080001bb   Thumb Code     0  startup_stm32l152xb.o(.text)
    EXTI3_IRQHandler                         0x080001bb   Thumb Code     0  startup_stm32l152xb.o(.text)
    EXTI4_IRQHandler                         0x080001bb   Thumb Code     0  startup_stm32l152xb.o(.text)
    EXTI9_5_IRQHandler                       0x080001bb   Thumb Code     0  startup_stm32l152xb.o(.text)
    FLASH_IRQHandler                         0x080001bb   Thumb Code     0  startup_stm32l152xb.o(.text)
    I2C1_ER_IRQHandler                       0x080001bb   Thumb Code     0  startup_stm32l152xb.o(.text)
    I2C1_EV_IRQHandler                       0x080001bb   Thumb Code     0  startup_stm32l152xb.o(.text)
    I2C2_ER_IRQHandler                       0x080001bb   Thumb Code     0  startup_stm32l152xb.o(.text)
    I2C2_EV_IRQHandler                       0x080001bb   Thumb Code     0  startup_stm32l152xb.o(.text)
    LCD_IRQHandler                           0x080001bb   Thumb Code     0  startup_stm32l152xb.o(.text)
    PVD_IRQHandler                           0x080001bb   Thumb Code     0  startup_stm32l152xb.o(.text)
    RCC_IRQHandler                           0x080001bb   Thumb Code     0  startup_stm32l152xb.o(.text)
    RTC_Alarm_IRQHandler                     0x080001bb   Thumb Code     0  startup_stm32l152xb.o(.text)
    SPI1_IRQHandler                          0x080001bb   Thumb Code     0  startup_stm32l152xb.o(.text)
    SPI2_IRQHandler                          0x080001bb   Thumb Code     0  startup_stm32l152xb.o(.text)
    TAMPER_STAMP_IRQHandler                  0x080001bb   Thumb Code     0  startup_stm32l152xb.o(.text)
    TIM10_IRQHandler                         0x080001bb   Thumb Code     0  startup_stm32l152xb.o(.text)
    TIM11_IRQHandler                         0x080001bb   Thumb Code     0  startup_stm32l152xb.o(.text)
    TIM3_IRQHandler                          0x080001bb   Thumb Code     0  startup_stm32l152xb.o(.text)
    TIM4_IRQHandler                          0x080001bb   Thumb Code     0  startup_stm32l152xb.o(.text)
    TIM6_IRQHandler                          0x080001bb   Thumb Code     0  startup_stm32l152xb.o(.text)
    TIM7_IRQHandler                          0x080001bb   Thumb Code     0  startup_stm32l152xb.o(.text)
    TIM9_IRQHandler                          0x080001bb   Thumb Code     0  startup_stm32l152xb.o(.text)
    USART1_IRQHandler                        0x080001bb   Thumb Code     0  startup_stm32l152xb.o(.text)
    USART2_IRQHandler                        0x080001bb   Thumb Code     0  startup_stm32l152xb.o(.text)
    USB_FS_WKUP_IRQHandler                   0x080001bb   Thumb Code     0  startup_stm32l152xb.o(.text)
    USB_HP_IRQHandler                        0x080001bb   Thumb Code     0  startup_stm32l152xb.o(.text)
    USB_LP_IRQHandler                        0x080001bb   Thumb Code     0  startup_stm32l152xb.o(.text)
    __aeabi_memcpy                           0x080001c5   Thumb Code    36  memcpya.o(.text)
    __aeabi_memcpy4                          0x080001c5   Thumb Code     0  memcpya.o(.text)
    __aeabi_memcpy8                          0x080001c5   Thumb Code     0  memcpya.o(.text)
    __aeabi_memset                           0x080001e9   Thumb Code    14  memseta.o(.text)
    __aeabi_memset4                          0x080001e9   Thumb Code     0  memseta.o(.text)
    __aeabi_memset8                          0x080001e9   Thumb Code     0  memseta.o(.text)
    __aeabi_memclr                           0x080001f7   Thumb Code     4  memseta.o(.text)
    __aeabi_memclr4                          0x080001f7   Thumb Code     0  memseta.o(.text)
    __aeabi_memclr8                          0x080001f7   Thumb Code     0  memseta.o(.text)
    _memset$wrapper                          0x080001fb   Thumb Code    18  memseta.o(.text)
    strcat                                   0x0800020d   Thumb Code    24  strcat.o(.text)
    __scatterload                            0x08000225   Thumb Code    28  init.o(.text)
    __scatterload_rt2                        0x08000225   Thumb Code     0  init.o(.text)
    ADC_ConversionStop_Disable               0x08000249   Thumb Code    82  stm32l1xx_hal_adc.o(i.ADC_ConversionStop_Disable)
    ADC_Enable                               0x0800029d   Thumb Code   126  stm32l1xx_hal_adc.o(i.ADC_Enable)
    ADC_Init                                 0x08000325   Thumb Code    96  adc.o(i.ADC_Init)
    AT_NRB                                   0x080003a1   Thumb Code   118  bc95.o(i.AT_NRB)
    AT_Test                                  0x0800043d   Thumb Code   128  bc95.o(i.AT_Test)
    AttachNetwork                            0x080004e9   Thumb Code    90  bc95.o(i.AttachNetwork)
    BSP_LED_Init                             0x08000565   Thumb Code   132  led.o(i.BSP_LED_Init)
    BrdStaDisp                               0x080005f5   Thumb Code    66  i2c_oled.o(i.BrdStaDisp)
    BusFault_Handler                         0x08000645   Thumb Code     4  stm32l1xx_it.o(i.BusFault_Handler)
    CDP_Cfg                                  0x08000649   Thumb Code   152  bc95.o(i.CDP_Cfg)
    CDP_Get_Cfg                              0x08000711   Thumb Code   172  bc95.o(i.CDP_Get_Cfg)
    CFUN_Get_Set                             0x080007f1   Thumb Code   134  bc95.o(i.CFUN_Get_Set)
    CFUN_Set                                 0x080008b5   Thumb Code   130  bc95.o(i.CFUN_Set)
    CGATT_Get_Set                            0x08000965   Thumb Code   138  bc95.o(i.CGATT_Get_Set)
    CGATT_Set                                0x08000a2d   Thumb Code   130  bc95.o(i.CGATT_Set)
    DebugMon_Handler                         0x08000ae1   Thumb Code     2  stm32l1xx_it.o(i.DebugMon_Handler)
    Error_Handler                            0x08000ae3   Thumb Code    16  sys.o(i.Error_Handler)
    Error_Handler_Disp                       0x08000af5   Thumb Code    52  i2c_oled.o(i.Error_Handler_Disp)
    GetAdcValue                              0x08000b35   Thumb Code   100  adc.o(i.GetAdcValue)
    HAL_ADC_ConfigChannel                    0x08000ba5   Thumb Code   460  stm32l1xx_hal_adc.o(i.HAL_ADC_ConfigChannel)
    HAL_ADC_GetValue                         0x08000d7d   Thumb Code     8  stm32l1xx_hal_adc.o(i.HAL_ADC_GetValue)
    HAL_ADC_Init                             0x08000d85   Thumb Code   440  stm32l1xx_hal_adc.o(i.HAL_ADC_Init)
    HAL_ADC_MspDeInit                        0x08000f51   Thumb Code    34  stm32l1xx_hal_msp.o(i.HAL_ADC_MspDeInit)
    HAL_ADC_MspInit                          0x08000f81   Thumb Code    78  stm32l1xx_hal_msp.o(i.HAL_ADC_MspInit)
    HAL_ADC_Start_IT                         0x08000fdd   Thumb Code   152  stm32l1xx_hal_adc.o(i.HAL_ADC_Start_IT)
    HAL_ADC_Stop_IT                          0x08001079   Thumb Code    76  stm32l1xx_hal_adc.o(i.HAL_ADC_Stop_IT)
    HAL_Delay                                0x080010c5   Thumb Code    26  stm32l1xx_hal.o(i.HAL_Delay)
    HAL_GPIO_DeInit                          0x080010e1   Thumb Code   260  stm32l1xx_hal_gpio.o(i.HAL_GPIO_DeInit)
    HAL_GPIO_Init                            0x08001201   Thumb Code   430  stm32l1xx_hal_gpio.o(i.HAL_GPIO_Init)
    HAL_GPIO_WritePin                        0x080013d1   Thumb Code    12  stm32l1xx_hal_gpio.o(i.HAL_GPIO_WritePin)
    HAL_GetTick                              0x080013dd   Thumb Code     6  stm32l1xx_hal.o(i.HAL_GetTick)
    HAL_IncTick                              0x080013e9   Thumb Code    12  stm32l1xx_hal.o(i.HAL_IncTick)
    HAL_Init                                 0x080013f9   Thumb Code    48  stm32l1xx_hal.o(i.HAL_Init)
    HAL_InitTick                             0x0800142d   Thumb Code    36  stm32l1xx_hal.o(i.HAL_InitTick)
    HAL_MspDeInit                            0x08001455   Thumb Code    68  stm32l1xx_hal_msp.o(i.HAL_MspDeInit)
    HAL_MspInit                              0x080014a5   Thumb Code   170  stm32l1xx_hal_msp.o(i.HAL_MspInit)
    HAL_NVIC_DisableIRQ                      0x08001555   Thumb Code    22  stm32l1xx_hal_cortex.o(i.HAL_NVIC_DisableIRQ)
    HAL_NVIC_EnableIRQ                       0x08001571   Thumb Code    26  stm32l1xx_hal_cortex.o(i.HAL_NVIC_EnableIRQ)
    HAL_NVIC_SetPriority                     0x0800158b   Thumb Code   124  stm32l1xx_hal_cortex.o(i.HAL_NVIC_SetPriority)
    HAL_NVIC_SetPriorityGrouping             0x08001609   Thumb Code    32  stm32l1xx_hal_cortex.o(i.HAL_NVIC_SetPriorityGrouping)
    HAL_PWR_DisableBkUpAccess                0x08001631   Thumb Code    22  stm32l1xx_hal_pwr.o(i.HAL_PWR_DisableBkUpAccess)
    HAL_PWR_EnableBkUpAccess                 0x0800164d   Thumb Code    20  stm32l1xx_hal_pwr.o(i.HAL_PWR_EnableBkUpAccess)
    HAL_PWR_EnterSTANDBYMode                 0x08001665   Thumb Code    32  stm32l1xx_hal_pwr.o(i.HAL_PWR_EnterSTANDBYMode)
    HAL_RCCEx_PeriphCLKConfig                0x0800168d   Thumb Code   502  stm32l1xx_hal_rcc_ex.o(i.HAL_RCCEx_PeriphCLKConfig)
    HAL_RCC_ClockConfig                      0x08001891   Thumb Code   728  stm32l1xx_hal_rcc.o(i.HAL_RCC_ClockConfig)
    HAL_RCC_GetHCLKFreq                      0x08001b79   Thumb Code     6  stm32l1xx_hal_rcc.o(i.HAL_RCC_GetHCLKFreq)
    HAL_RCC_GetPCLK1Freq                     0x08001b85   Thumb Code    36  stm32l1xx_hal_rcc.o(i.HAL_RCC_GetPCLK1Freq)
    HAL_RCC_GetPCLK2Freq                     0x08001bb1   Thumb Code    36  stm32l1xx_hal_rcc.o(i.HAL_RCC_GetPCLK2Freq)
    HAL_RCC_GetSysClockFreq                  0x08001bdd   Thumb Code   164  stm32l1xx_hal_rcc.o(i.HAL_RCC_GetSysClockFreq)
    HAL_RCC_OscConfig                        0x08001c91   Thumb Code  2484  stm32l1xx_hal_rcc.o(i.HAL_RCC_OscConfig)
    HAL_RTCEx_BKUPRead                       0x0800264d   Thumb Code    18  stm32l1xx_hal_rtc_ex.o(i.HAL_RTCEx_BKUPRead)
    HAL_RTCEx_BKUPWrite                      0x0800265f   Thumb Code    18  stm32l1xx_hal_rtc_ex.o(i.HAL_RTCEx_BKUPWrite)
    HAL_RTCEx_SetWakeUpTimer_IT              0x08002671   Thumb Code   298  stm32l1xx_hal_rtc_ex.o(i.HAL_RTCEx_SetWakeUpTimer_IT)
    HAL_RTCEx_WakeUpTimerEventCallback       0x080027a1   Thumb Code     2  lowpower.o(i.HAL_RTCEx_WakeUpTimerEventCallback)
    HAL_RTCEx_WakeUpTimerIRQHandler          0x080027a5   Thumb Code    50  stm32l1xx_hal_rtc_ex.o(i.HAL_RTCEx_WakeUpTimerIRQHandler)
    HAL_RTC_Init                             0x080027dd   Thumb Code   176  stm32l1xx_hal_rtc.o(i.HAL_RTC_Init)
    HAL_RTC_MspInit                          0x08002891   Thumb Code    52  stm32l1xx_hal_msp.o(i.HAL_RTC_MspInit)
    HAL_RTC_SetDate                          0x080028cd   Thumb Code   260  stm32l1xx_hal_rtc.o(i.HAL_RTC_SetDate)
    HAL_RTC_SetTime                          0x080029d5   Thumb Code   294  stm32l1xx_hal_rtc.o(i.HAL_RTC_SetTime)
    HAL_RTC_WaitForSynchro                   0x08002b01   Thumb Code    58  stm32l1xx_hal_rtc_ex.o(i.HAL_RTC_WaitForSynchro)
    HAL_SYSTICK_CLKSourceConfig              0x08002b3b   Thumb Code    40  stm32l1xx_hal_cortex.o(i.HAL_SYSTICK_CLKSourceConfig)
    HAL_SYSTICK_Config                       0x08002b63   Thumb Code    52  stm32l1xx_hal_cortex.o(i.HAL_SYSTICK_Config)
    HAL_TIM_IC_CaptureCallback               0x08002b97   Thumb Code     2  stm32l1xx_hal_tim.o(i.HAL_TIM_IC_CaptureCallback)
    HAL_TIM_IRQHandler                       0x08002b99   Thumb Code   338  stm32l1xx_hal_tim.o(i.HAL_TIM_IRQHandler)
    HAL_TIM_OC_DelayElapsedCallback          0x08002ceb   Thumb Code     2  stm32l1xx_hal_tim.o(i.HAL_TIM_OC_DelayElapsedCallback)
    HAL_TIM_PWM_PulseFinishedCallback        0x08002ced   Thumb Code     2  stm32l1xx_hal_tim.o(i.HAL_TIM_PWM_PulseFinishedCallback)
    HAL_TIM_PeriodElapsedCallback            0x08002cef   Thumb Code     2  timer.o(i.HAL_TIM_PeriodElapsedCallback)
    HAL_TIM_TriggerCallback                  0x08002cf1   Thumb Code     2  stm32l1xx_hal_tim.o(i.HAL_TIM_TriggerCallback)
    HAL_UART_ErrorCallback                   0x08002cf3   Thumb Code     2  stm32l1xx_hal_uart.o(i.HAL_UART_ErrorCallback)
    HAL_UART_GetState                        0x08002cf5   Thumb Code     8  stm32l1xx_hal_uart.o(i.HAL_UART_GetState)
    HAL_UART_IRQHandler                      0x08002cfd   Thumb Code   218  stm32l1xx_hal_uart.o(i.HAL_UART_IRQHandler)
    HAL_UART_Init                            0x08002dd7   Thumb Code   110  stm32l1xx_hal_uart.o(i.HAL_UART_Init)
    HAL_UART_MspDeInit                       0x08002e45   Thumb Code    42  stm32l1xx_hal_msp.o(i.HAL_UART_MspDeInit)
    HAL_UART_MspInit                         0x08002e7d   Thumb Code   122  usart.o(i.HAL_UART_MspInit)
    HAL_UART_Receive_IT                      0x08002f05   Thumb Code   134  stm32l1xx_hal_uart.o(i.HAL_UART_Receive_IT)
    HAL_UART_RxCpltCallback                  0x08002f8d   Thumb Code    60  usart.o(i.HAL_UART_RxCpltCallback)
    HAL_UART_TxCpltCallback                  0x08002fd5   Thumb Code     2  stm32l1xx_hal_uart.o(i.HAL_UART_TxCpltCallback)
    HAL_WWDG_EarlyWakeupCallback             0x08002fd7   Thumb Code    12  wwdg.o(i.HAL_WWDG_EarlyWakeupCallback)
    HAL_WWDG_IRQHandler                      0x08002fe3   Thumb Code    40  stm32l1xx_hal_wwdg.o(i.HAL_WWDG_IRQHandler)
    HAL_WWDG_Init                            0x0800300b   Thumb Code    44  stm32l1xx_hal_wwdg.o(i.HAL_WWDG_Init)
    HAL_WWDG_MspInit                         0x08003039   Thumb Code    58  stm32l1xx_hal_msp.o(i.HAL_WWDG_MspInit)
    HAL_WWDG_Refresh                         0x0800307d   Thumb Code    12  stm32l1xx_hal_wwdg.o(i.HAL_WWDG_Refresh)
    HardFault_Handler                        0x08003089   Thumb Code     4  stm32l1xx_it.o(i.HardFault_Handler)
    I2C_OLED_Init                            0x0800308d   Thumb Code     8  i2c_oled.o(i.I2C_OLED_Init)
    I2C_WriteByte                            0x08003095   Thumb Code    46  i2c_oled.o(i.I2C_WriteByte)
    IIC_Init                                 0x080030c5   Thumb Code    70  myiic.o(i.IIC_Init)
    IIC_Send_Byte                            0x0800311d   Thumb Code    68  myiic.o(i.IIC_Send_Byte)
    IIC_Start                                0x0800316d   Thumb Code    48  myiic.o(i.IIC_Start)
    IIC_Stop                                 0x080031a9   Thumb Code    48  myiic.o(i.IIC_Stop)
    IIC_Wait_Ack                             0x080031e5   Thumb Code    72  myiic.o(i.IIC_Wait_Ack)
    IO_Init                                  0x08003239   Thumb Code    80  io.o(i.IO_Init)
    InitDisp                                 0x08003291   Thumb Code    74  i2c_oled.o(i.InitDisp)
    MSG_Send                                 0x080032f9   Thumb Code   192  bc95.o(i.MSG_Send)
    MemManage_Handler                        0x080033ed   Thumb Code     4  stm32l1xx_it.o(i.MemManage_Handler)
    MsgDisp                                  0x080033f1   Thumb Code   164  i2c_oled.o(i.MsgDisp)
    MsgSentDisp                              0x08003499   Thumb Code    26  i2c_oled.o(i.MsgSentDisp)
    NBAND_Get_Set                            0x080034b5   Thumb Code   178  bc95.o(i.NBAND_Get_Set)
    NBAND_Set                                0x0800359d   Thumb Code   148  bc95.o(i.NBAND_Set)
    NMI_Handler                              0x08003665   Thumb Code     2  stm32l1xx_it.o(i.NMI_Handler)
    Num2Str                                  0x080036a1   Thumb Code    48  algorithm.o(i.Num2Str)
    OLED_CLS                                 0x080036dd   Thumb Code    10  i2c_oled.o(i.OLED_CLS)
    OLED_Fill                                0x080036e7   Thumb Code    58  i2c_oled.o(i.OLED_Fill)
    OLED_Init                                0x08003721   Thumb Code   184  i2c_oled.o(i.OLED_Init)
    OLED_OFF                                 0x080037d9   Thumb Code    22  i2c_oled.o(i.OLED_OFF)
    OLED_SetPos                              0x080037ef   Thumb Code    40  i2c_oled.o(i.OLED_SetPos)
    OLED_ShowNum                             0x08003817   Thumb Code   126  i2c_oled.o(i.OLED_ShowNum)
    OLED_ShowStr                             0x08003895   Thumb Code   228  i2c_oled.o(i.OLED_ShowStr)
    PostSleepProcessing                      0x08003981   Thumb Code    84  lowpower.o(i.PostSleepProcessing)
    PreSleepProcessing                       0x080039d9   Thumb Code    34  lowpower.o(i.PreSleepProcessing)
    RTC_Bcd2ToByte                           0x08003aad   Thumb Code    22  stm32l1xx_hal_rtc.o(i.RTC_Bcd2ToByte)
    RTC_ByteToBcd2                           0x08003ac3   Thumb Code    26  stm32l1xx_hal_rtc.o(i.RTC_ByteToBcd2)
    RTC_EnterInitMode                        0x08003add   Thumb Code    62  stm32l1xx_hal_rtc.o(i.RTC_EnterInitMode)
    RTC_Init                                 0x08003b1d   Thumb Code   174  lowpower.o(i.RTC_Init)
    RTC_WKUP_IRQHandler                      0x08003bf1   Thumb Code    10  stm32l1xx_it.o(i.RTC_WKUP_IRQHandler)
    StartWaitMsg                             0x08003c01   Thumb Code    18  bc95.o(i.StartWaitMsg)
    StopWaitMsg                              0x08003c19   Thumb Code    14  bc95.o(i.StopWaitMsg)
    Str2HexStr                               0x08003c2d   Thumb Code    94  algorithm.o(i.Str2HexStr)
    StrCmp                                   0x08003ca1   Thumb Code    44  algorithm.o(i.StrCmp)
    SysInit                                  0x08003ccd   Thumb Code   144  mytask.o(i.SysInit)
    SysTick_Handler                          0x08003d91   Thumb Code    74  stm32l1xx_it.o(i.SysTick_Handler)
    Sys_Entry_Standby                        0x08003de1   Thumb Code   196  lowpower.o(i.Sys_Entry_Standby)
    SystemClock_Config                       0x08003eb9   Thumb Code   162  sys.o(i.SystemClock_Config)
    SystemInit                               0x08003f75   Thumb Code    82  system_stm32l1xx.o(i.SystemInit)
    TIM2_IRQHandler                          0x08003fd9   Thumb Code    10  stm32l1xx_it.o(i.TIM2_IRQHandler)
    USART3_IRQHandler                        0x0800449d   Thumb Code    56  usart.o(i.USART3_IRQHandler)
    UsageFault_Handler                       0x080044dd   Thumb Code     4  stm32l1xx_it.o(i.UsageFault_Handler)
    WWDG_IRQHandler                          0x080044e1   Thumb Code    10  stm32l1xx_it.o(i.WWDG_IRQHandler)
    WWDG_Init                                0x080044f1   Thumb Code    44  wwdg.o(i.WWDG_Init)
    WriteCmd                                 0x08004539   Thumb Code    14  i2c_oled.o(i.WriteCmd)
    WriteDat                                 0x08004547   Thumb Code    14  i2c_oled.o(i.WriteDat)
    __0printf$0                              0x08004555   Thumb Code     8  printf0.o(i.__0printf$0)
    __1printf$0                              0x08004555   Thumb Code     0  printf0.o(i.__0printf$0)
    __2printf                                0x08004555   Thumb Code     0  printf0.o(i.__0printf$0)
    __scatterload_copy                       0x08004565   Thumb Code    14  handlers.o(i.__scatterload_copy)
    __scatterload_null                       0x08004573   Thumb Code     2  handlers.o(i.__scatterload_null)
    __scatterload_zeroinit                   0x08004575   Thumb Code    14  handlers.o(i.__scatterload_zeroinit)
    attach_network_task                      0x080045a5   Thumb Code    58  mytask.o(i.attach_network_task)
    cmdDisp                                  0x080045e9   Thumb Code    26  i2c_oled.o(i.cmdDisp)
    eTaskConfirmSleepModeStatus              0x08004605   Thumb Code    42  tasks.o(i.eTaskConfirmSleepModeStatus)
    fputc                                    0x08004641   Thumb Code    24  usart.o(i.fputc)
    getdata_task                             0x0800465d   Thumb Code   164  mytask.o(i.getdata_task)
    indicator_task                           0x08004739   Thumb Code   102  mytask.o(i.indicator_task)
    main                                     0x080047ad   Thumb Code    34  main.o(i.main)
    mypow                                    0x080047e5   Thumb Code    22  algorithm.o(i.mypow)
    pvPortMalloc                             0x08004cd9   Thumb Code   296  heap_4.o(i.pvPortMalloc)
    pxPortInitialiseStack                    0x08004e15   Thumb Code    30  port.o(i.pxPortInitialiseStack)
    sgnDisp                                  0x08004e39   Thumb Code    26  i2c_oled.o(i.sgnDisp)
    start_task                               0x08004e55   Thumb Code    82  mytask.o(i.start_task)
    uart_init                                0x08004ef9   Thumb Code    58  usart.o(i.uart_init)
    uxListRemove                             0x08004f59   Thumb Code    40  list.o(i.uxListRemove)
    vListInitialise                          0x08004f81   Thumb Code    26  list.o(i.vListInitialise)
    vListInitialiseItem                      0x08004f9b   Thumb Code     6  list.o(i.vListInitialiseItem)
    vListInsert                              0x08004fa1   Thumb Code    52  list.o(i.vListInsert)
    vListInsertEnd                           0x08004fd5   Thumb Code    24  list.o(i.vListInsertEnd)
    vPortEnterCritical                       0x08004fed   Thumb Code    76  port.o(i.vPortEnterCritical)
    vPortExitCritical                        0x08005041   Thumb Code    56  port.o(i.vPortExitCritical)
    vPortFree                                0x0800507d   Thumb Code   140  heap_4.o(i.vPortFree)
    vPortSetupTimerInterrupt                 0x08005111   Thumb Code    86  port.o(i.vPortSetupTimerInterrupt)
    vPortSuppressTicksAndSleep               0x08005179   Thumb Code   332  port.o(i.vPortSuppressTicksAndSleep)
    vTaskDelay                               0x080052d1   Thumb Code    82  tasks.o(i.vTaskDelay)
    vTaskDelete                              0x0800532d   Thumb Code   202  tasks.o(i.vTaskDelete)
    vTaskStartScheduler                      0x08005421   Thumb Code   108  tasks.o(i.vTaskStartScheduler)
    vTaskStepTick                            0x080054a9   Thumb Code    56  tasks.o(i.vTaskStepTick)
    vTaskSuspendAll                          0x080054e9   Thumb Code    12  tasks.o(i.vTaskSuspendAll)
    vTaskSwitchContext                       0x080054f9   Thumb Code   118  tasks.o(i.vTaskSwitchContext)
    xPortStartScheduler                      0x08005585   Thumb Code   270  port.o(i.xPortStartScheduler)
    xPortSysTickHandler                      0x080056a9   Thumb Code    46  port.o(i.xPortSysTickHandler)
    xTaskCreate                              0x080056dd   Thumb Code    96  tasks.o(i.xTaskCreate)
    xTaskGetSchedulerState                   0x0800573d   Thumb Code    24  tasks.o(i.xTaskGetSchedulerState)
    xTaskIncrementTick                       0x0800575d   Thumb Code   282  tasks.o(i.xTaskIncrementTick)
    xTaskResumeAll                           0x080058a5   Thumb Code   224  tasks.o(i.xTaskResumeAll)
    PLLMulTable                              0x080059a8   Data           9  system_stm32l1xx.o(.constdata)
    AHBPrescTable                            0x080059b1   Data          16  system_stm32l1xx.o(.constdata)
    APBPrescTable                            0x080059c1   Data           8  system_stm32l1xx.o(.constdata)
    F6x8                                     0x080059c9   Data         552  i2c_oled.o(.constdata)
    F8X16                                    0x08005bf1   Data        1520  i2c_oled.o(.constdata)
    Region$$Table$$Base                      0x08006374   Number         0  anon$$obj.o(Region$$Table)
    Region$$Table$$Limit                     0x08006394   Number         0  anon$$obj.o(Region$$Table)
    SystemCoreClock                          0x20000000   Data           4  system_stm32l1xx.o(.data)
    __stdout                                 0x20000004   Data           4  usart.o(.data)
    USART_RX_STA                             0x20000008   Data           2  usart.o(.data)
    aRxBuffer                                0x2000000a   Data           1  usart.o(.data)
    uwTick                                   0x2000000c   Data           4  stm32l1xx_hal.o(.data)
    GetDataTask_Handler                      0x20000010   Data           4  mytask.o(.data)
    IndicatorTask_Handler                    0x20000014   Data           4  mytask.o(.data)
    AttachNetworkTask_Handler                0x20000018   Data           4  mytask.o(.data)
    StartTask_Handler                        0x2000001c   Data           4  mytask.o(.data)
    flag                                     0x20000020   Data          12  mytask.o(.data)
    Adc_Str                                  0x2000002c   Data           9  mytask.o(.data)
    pxCurrentTCB                             0x2000003c   Data           4  tasks.o(.data)
    husart3                                  0x200000a8   Data          64  usart.o(.bss)
    usart                                    0x200000e8   Data         108  usart.o(.bss)
    htim2                                    0x20000154   Data          56  timer.o(.bss)
    hrtc                                     0x2000018c   Data          32  lowpower.o(.bss)
    hadc                                     0x200001ac   Data          84  adc.o(.bss)
    hwwdg                                    0x20000200   Data          20  wwdg.o(.bss)
    __initial_sp                             0x20001308   Data           0  startup_stm32l152xb.o(STACK)



==============================================================================

Memory Map of the image

  Image Entry point : 0x080000f5

  Load Region LR_IROM1 (Base: 0x08000000, Size: 0x0000643c, Max: 0x00020000, ABSOLUTE)

    Execution Region ER_IROM1 (Base: 0x08000000, Size: 0x00006394, Max: 0x00020000, ABSOLUTE)

    Base Addr    Size         Type   Attr      Idx    E Section Name        Object

    0x08000000   0x000000f4   Data   RO          581    RESET               startup_stm32l152xb.o
    0x080000f4   0x00000000   Code   RO         4870  * .ARM.Collect$$$$00000000  mc_w.l(entry.o)
    0x080000f4   0x00000004   Code   RO         5142    .ARM.Collect$$$$00000001  mc_w.l(entry2.o)
    0x080000f8   0x00000004   Code   RO         5145    .ARM.Collect$$$$00000004  mc_w.l(entry5.o)
    0x080000fc   0x00000000   Code   RO         5147    .ARM.Collect$$$$00000008  mc_w.l(entry7b.o)
    0x080000fc   0x00000000   Code   RO         5149    .ARM.Collect$$$$0000000A  mc_w.l(entry8b.o)
    0x080000fc   0x00000008   Code   RO         5150    .ARM.Collect$$$$0000000B  mc_w.l(entry9a.o)
    0x08000104   0x00000000   Code   RO         5152    .ARM.Collect$$$$0000000D  mc_w.l(entry10a.o)
    0x08000104   0x00000000   Code   RO         5154    .ARM.Collect$$$$0000000F  mc_w.l(entry11a.o)
    0x08000104   0x00000004   Code   RO         5143    .ARM.Collect$$$$00002712  mc_w.l(entry2.o)
    0x08000108   0x00000096   Code   RO         4778    .emb_text           port.o
    0x0800019e   0x00000002   PAD
    0x080001a0   0x00000024   Code   RO          582    .text               startup_stm32l152xb.o
    0x080001c4   0x00000024   Code   RO         4873    .text               mc_w.l(memcpya.o)
    0x080001e8   0x00000024   Code   RO         4875    .text               mc_w.l(memseta.o)
    0x0800020c   0x00000018   Code   RO         4877    .text               mc_w.l(strcat.o)
    0x08000224   0x00000024   Code   RO         5171    .text               mc_w.l(init.o)
    0x08000248   0x00000052   Code   RO         1427    i.ADC_ConversionStop_Disable  stm32l1xx_hal_adc.o
    0x0800029a   0x00000002   PAD
    0x0800029c   0x00000088   Code   RO         1431    i.ADC_Enable        stm32l1xx_hal_adc.o
    0x08000324   0x0000007c   Code   RO         3750    i.ADC_Init          adc.o
    0x080003a0   0x0000009c   Code   RO         3521    i.AT_NRB            bc95.o
    0x0800043c   0x000000ac   Code   RO         3522    i.AT_Test           bc95.o
    0x080004e8   0x0000007c   Code   RO         3523    i.AttachNetwork     bc95.o
    0x08000564   0x00000090   Code   RO         3969    i.BSP_LED_Init      led.o
    0x080005f4   0x00000050   Code   RO         3284    i.BrdStaDisp        i2c_oled.o
    0x08000644   0x00000004   Code   RO          312    i.BusFault_Handler  stm32l1xx_it.o
    0x08000648   0x000000c8   Code   RO         3524    i.CDP_Cfg           bc95.o
    0x08000710   0x000000e0   Code   RO         3525    i.CDP_Get_Cfg       bc95.o
    0x080007f0   0x000000c4   Code   RO         3526    i.CFUN_Get_Set      bc95.o
    0x080008b4   0x000000b0   Code   RO         3527    i.CFUN_Set          bc95.o
    0x08000964   0x000000c8   Code   RO         3528    i.CGATT_Get_Set     bc95.o
    0x08000a2c   0x000000b4   Code   RO         3529    i.CGATT_Set         bc95.o
    0x08000ae0   0x00000002   Code   RO          313    i.DebugMon_Handler  stm32l1xx_it.o
    0x08000ae2   0x00000010   Code   RO          468    i.Error_Handler     sys.o
    0x08000af2   0x00000002   PAD
    0x08000af4   0x00000040   Code   RO         3287    i.Error_Handler_Disp  i2c_oled.o
    0x08000b34   0x00000070   Code   RO         3751    i.GetAdcValue       adc.o
    0x08000ba4   0x000001d8   Code   RO         1433    i.HAL_ADC_ConfigChannel  stm32l1xx_hal_adc.o
    0x08000d7c   0x00000008   Code   RO         1440    i.HAL_ADC_GetValue  stm32l1xx_hal_adc.o
    0x08000d84   0x000001cc   Code   RO         1442    i.HAL_ADC_Init      stm32l1xx_hal_adc.o
    0x08000f50   0x00000030   Code   RO          234    i.HAL_ADC_MspDeInit  stm32l1xx_hal_msp.o
    0x08000f80   0x0000005c   Code   RO          235    i.HAL_ADC_MspInit   stm32l1xx_hal_msp.o
    0x08000fdc   0x0000009c   Code   RO         1450    i.HAL_ADC_Start_IT  stm32l1xx_hal_adc.o
    0x08001078   0x0000004c   Code   RO         1453    i.HAL_ADC_Stop_IT   stm32l1xx_hal_adc.o
    0x080010c4   0x0000001a   Code   RO          596    i.HAL_Delay         stm32l1xx_hal.o
    0x080010de   0x00000002   PAD
    0x080010e0   0x00000120   Code   RO          724    i.HAL_GPIO_DeInit   stm32l1xx_hal_gpio.o
    0x08001200   0x000001d0   Code   RO          727    i.HAL_GPIO_Init     stm32l1xx_hal_gpio.o
    0x080013d0   0x0000000c   Code   RO          731    i.HAL_GPIO_WritePin  stm32l1xx_hal_gpio.o
    0x080013dc   0x0000000c   Code   RO          600    i.HAL_GetTick       stm32l1xx_hal.o
    0x080013e8   0x00000010   Code   RO          601    i.HAL_IncTick       stm32l1xx_hal.o
    0x080013f8   0x00000034   Code   RO          602    i.HAL_Init          stm32l1xx_hal.o
    0x0800142c   0x00000028   Code   RO          603    i.HAL_InitTick      stm32l1xx_hal.o
    0x08001454   0x00000050   Code   RO          236    i.HAL_MspDeInit     stm32l1xx_hal_msp.o
    0x080014a4   0x000000b0   Code   RO          237    i.HAL_MspInit       stm32l1xx_hal_msp.o
    0x08001554   0x0000001c   Code   RO         2146    i.HAL_NVIC_DisableIRQ  stm32l1xx_hal_cortex.o
    0x08001570   0x0000001a   Code   RO         2147    i.HAL_NVIC_EnableIRQ  stm32l1xx_hal_cortex.o
    0x0800158a   0x0000007c   Code   RO         2153    i.HAL_NVIC_SetPriority  stm32l1xx_hal_cortex.o
    0x08001606   0x00000002   PAD
    0x08001608   0x00000028   Code   RO         2154    i.HAL_NVIC_SetPriorityGrouping  stm32l1xx_hal_cortex.o
    0x08001630   0x0000001c   Code   RO         2881    i.HAL_PWR_DisableBkUpAccess  stm32l1xx_hal_pwr.o
    0x0800164c   0x00000018   Code   RO         2886    i.HAL_PWR_EnableBkUpAccess  stm32l1xx_hal_pwr.o
    0x08001664   0x00000028   Code   RO         2892    i.HAL_PWR_EnterSTANDBYMode  stm32l1xx_hal_pwr.o
    0x0800168c   0x00000204   Code   RO         3061    i.HAL_RCCEx_PeriphCLKConfig  stm32l1xx_hal_rcc_ex.o
    0x08001890   0x000002e8   Code   RO         1928    i.HAL_RCC_ClockConfig  stm32l1xx_hal_rcc.o
    0x08001b78   0x0000000c   Code   RO         1933    i.HAL_RCC_GetHCLKFreq  stm32l1xx_hal_rcc.o
    0x08001b84   0x0000002c   Code   RO         1935    i.HAL_RCC_GetPCLK1Freq  stm32l1xx_hal_rcc.o
    0x08001bb0   0x0000002c   Code   RO         1936    i.HAL_RCC_GetPCLK2Freq  stm32l1xx_hal_rcc.o
    0x08001bdc   0x000000b4   Code   RO         1937    i.HAL_RCC_GetSysClockFreq  stm32l1xx_hal_rcc.o
    0x08001c90   0x000009bc   Code   RO         1940    i.HAL_RCC_OscConfig  stm32l1xx_hal_rcc.o
    0x0800264c   0x00000012   Code   RO         1700    i.HAL_RTCEx_BKUPRead  stm32l1xx_hal_rtc_ex.o
    0x0800265e   0x00000012   Code   RO         1701    i.HAL_RTCEx_BKUPWrite  stm32l1xx_hal_rtc_ex.o
    0x08002670   0x00000130   Code   RO         1722    i.HAL_RTCEx_SetWakeUpTimer_IT  stm32l1xx_hal_rtc_ex.o
    0x080027a0   0x00000002   Code   RO         3693    i.HAL_RTCEx_WakeUpTimerEventCallback  lowpower.o
    0x080027a2   0x00000002   PAD
    0x080027a4   0x00000038   Code   RO         1727    i.HAL_RTCEx_WakeUpTimerIRQHandler  stm32l1xx_hal_rtc_ex.o
    0x080027dc   0x000000b4   Code   RO         2040    i.HAL_RTC_Init      stm32l1xx_hal_rtc.o
    0x08002890   0x0000003c   Code   RO          239    i.HAL_RTC_MspInit   stm32l1xx_hal_msp.o
    0x080028cc   0x00000108   Code   RO         2044    i.HAL_RTC_SetDate   stm32l1xx_hal_rtc.o
    0x080029d4   0x0000012c   Code   RO         2045    i.HAL_RTC_SetTime   stm32l1xx_hal_rtc.o
    0x08002b00   0x0000003a   Code   RO         1733    i.HAL_RTC_WaitForSynchro  stm32l1xx_hal_rtc_ex.o
    0x08002b3a   0x00000028   Code   RO         2156    i.HAL_SYSTICK_CLKSourceConfig  stm32l1xx_hal_cortex.o
    0x08002b62   0x00000034   Code   RO         2158    i.HAL_SYSTICK_Config  stm32l1xx_hal_cortex.o
    0x08002b96   0x00000002   Code   RO          821    i.HAL_TIM_IC_CaptureCallback  stm32l1xx_hal_tim.o
    0x08002b98   0x00000152   Code   RO          834    i.HAL_TIM_IRQHandler  stm32l1xx_hal_tim.o
    0x08002cea   0x00000002   Code   RO          837    i.HAL_TIM_OC_DelayElapsedCallback  stm32l1xx_hal_tim.o
    0x08002cec   0x00000002   Code   RO          864    i.HAL_TIM_PWM_PulseFinishedCallback  stm32l1xx_hal_tim.o
    0x08002cee   0x00000002   Code   RO         3173    i.HAL_TIM_PeriodElapsedCallback  timer.o
    0x08002cf0   0x00000002   Code   RO          875    i.HAL_TIM_TriggerCallback  stm32l1xx_hal_tim.o
    0x08002cf2   0x00000002   Code   RO         2360    i.HAL_UART_ErrorCallback  stm32l1xx_hal_uart.o
    0x08002cf4   0x00000008   Code   RO         2362    i.HAL_UART_GetState  stm32l1xx_hal_uart.o
    0x08002cfc   0x000000da   Code   RO         2363    i.HAL_UART_IRQHandler  stm32l1xx_hal_uart.o
    0x08002dd6   0x0000006e   Code   RO         2364    i.HAL_UART_Init     stm32l1xx_hal_uart.o
    0x08002e44   0x00000038   Code   RO          242    i.HAL_UART_MspDeInit  stm32l1xx_hal_msp.o
    0x08002e7c   0x00000088   Code   RO          510    i.HAL_UART_MspInit  usart.o
    0x08002f04   0x00000086   Code   RO         2369    i.HAL_UART_Receive_IT  stm32l1xx_hal_uart.o
    0x08002f8a   0x00000002   PAD
    0x08002f8c   0x00000048   Code   RO          511    i.HAL_UART_RxCpltCallback  usart.o
    0x08002fd4   0x00000002   Code   RO         2375    i.HAL_UART_TxCpltCallback  stm32l1xx_hal_uart.o
    0x08002fd6   0x0000000c   Code   RO         3933    i.HAL_WWDG_EarlyWakeupCallback  wwdg.o
    0x08002fe2   0x00000028   Code   RO         3126    i.HAL_WWDG_IRQHandler  stm32l1xx_hal_wwdg.o
    0x0800300a   0x0000002c   Code   RO         3127    i.HAL_WWDG_Init     stm32l1xx_hal_wwdg.o
    0x08003036   0x00000002   PAD
    0x08003038   0x00000044   Code   RO          243    i.HAL_WWDG_MspInit  stm32l1xx_hal_msp.o
    0x0800307c   0x0000000c   Code   RO         3129    i.HAL_WWDG_Refresh  stm32l1xx_hal_wwdg.o
    0x08003088   0x00000004   Code   RO          314    i.HardFault_Handler  stm32l1xx_it.o
    0x0800308c   0x00000008   Code   RO         3288    i.I2C_OLED_Init     i2c_oled.o
    0x08003094   0x0000002e   Code   RO         3289    i.I2C_WriteByte     i2c_oled.o
    0x080030c2   0x00000002   PAD
    0x080030c4   0x00000058   Code   RO         3210    i.IIC_Init          myiic.o
    0x0800311c   0x00000050   Code   RO         3213    i.IIC_Send_Byte     myiic.o
    0x0800316c   0x0000003c   Code   RO         3214    i.IIC_Start         myiic.o
    0x080031a8   0x0000003c   Code   RO         3215    i.IIC_Stop          myiic.o
    0x080031e4   0x00000054   Code   RO         3216    i.IIC_Wait_Ack      myiic.o
    0x08003238   0x00000058   Code   RO         3787    i.IO_Init           io.o
    0x08003290   0x00000068   Code   RO         3290    i.InitDisp          i2c_oled.o
    0x080032f8   0x000000f4   Code   RO         3531    i.MSG_Send          bc95.o
    0x080033ec   0x00000004   Code   RO          315    i.MemManage_Handler  stm32l1xx_it.o
    0x080033f0   0x000000a8   Code   RO         3291    i.MsgDisp           i2c_oled.o
    0x08003498   0x0000001a   Code   RO         3292    i.MsgSentDisp       i2c_oled.o
    0x080034b2   0x00000002   PAD
    0x080034b4   0x000000e8   Code   RO         3532    i.NBAND_Get_Set     bc95.o
    0x0800359c   0x000000c8   Code   RO         3533    i.NBAND_Set         bc95.o
    0x08003664   0x00000002   Code   RO          316    i.NMI_Handler       stm32l1xx_it.o
    0x08003666   0x00000002   PAD
    0x08003668   0x00000010   Code   RO         2160    i.NVIC_GetPriorityGrouping  stm32l1xx_hal_cortex.o
    0x08003678   0x00000028   Code   RO         2161    i.NVIC_SetPriority  stm32l1xx_hal_cortex.o
    0x080036a0   0x0000003c   Code   RO         3444    i.Num2Str           algorithm.o
    0x080036dc   0x0000000a   Code   RO         3293    i.OLED_CLS          i2c_oled.o
    0x080036e6   0x0000003a   Code   RO         3294    i.OLED_Fill         i2c_oled.o
    0x08003720   0x000000b8   Code   RO         3295    i.OLED_Init         i2c_oled.o
    0x080037d8   0x00000016   Code   RO         3296    i.OLED_OFF          i2c_oled.o
    0x080037ee   0x00000028   Code   RO         3298    i.OLED_SetPos       i2c_oled.o
    0x08003816   0x0000007e   Code   RO         3300    i.OLED_ShowNum      i2c_oled.o
    0x08003894   0x000000ec   Code   RO         3301    i.OLED_ShowStr      i2c_oled.o
    0x08003980   0x00000058   Code   RO         3694    i.PostSleepProcessing  lowpower.o
    0x080039d8   0x00000028   Code   RO         3695    i.PreSleepProcessing  lowpower.o
    0x08003a00   0x000000ac   Code   RO         1941    i.RCC_SetFlashLatencyFromMSIRange  stm32l1xx_hal_rcc.o
    0x08003aac   0x00000016   Code   RO         2046    i.RTC_Bcd2ToByte    stm32l1xx_hal_rtc.o
    0x08003ac2   0x0000001a   Code   RO         2047    i.RTC_ByteToBcd2    stm32l1xx_hal_rtc.o
    0x08003adc   0x0000003e   Code   RO         2048    i.RTC_EnterInitMode  stm32l1xx_hal_rtc.o
    0x08003b1a   0x00000002   PAD
    0x08003b1c   0x000000d4   Code   RO         3696    i.RTC_Init          lowpower.o
    0x08003bf0   0x00000010   Code   RO          317    i.RTC_WKUP_IRQHandler  stm32l1xx_it.o
    0x08003c00   0x00000018   Code   RO         3534    i.StartWaitMsg      bc95.o
    0x08003c18   0x00000014   Code   RO         3535    i.StopWaitMsg       bc95.o
    0x08003c2c   0x00000074   Code   RO         3445    i.Str2HexStr        algorithm.o
    0x08003ca0   0x0000002c   Code   RO         3446    i.StrCmp            algorithm.o
    0x08003ccc   0x000000c4   Code   RO         3819    i.SysInit           mytask.o
    0x08003d90   0x00000050   Code   RO          318    i.SysTick_Handler   stm32l1xx_it.o
    0x08003de0   0x000000d8   Code   RO         3697    i.Sys_Entry_Standby  lowpower.o
    0x08003eb8   0x000000bc   Code   RO          469    i.SystemClock_Config  sys.o
    0x08003f74   0x00000064   Code   RO          394    i.SystemInit        system_stm32l1xx.o
    0x08003fd8   0x00000010   Code   RO          319    i.TIM2_IRQHandler   stm32l1xx_it.o
    0x08003fe8   0x00000030   Code   RO         2382    i.UART_EndTransmit_IT  stm32l1xx_hal_uart.o
    0x08004018   0x000000bc   Code   RO         2383    i.UART_Receive_IT   stm32l1xx_hal_uart.o
    0x080040d4   0x00000358   Code   RO         2384    i.UART_SetConfig    stm32l1xx_hal_uart.o
    0x0800442c   0x00000070   Code   RO         2385    i.UART_Transmit_IT  stm32l1xx_hal_uart.o
    0x0800449c   0x00000040   Code   RO          512    i.USART3_IRQHandler  usart.o
    0x080044dc   0x00000004   Code   RO          320    i.UsageFault_Handler  stm32l1xx_it.o
    0x080044e0   0x00000010   Code   RO          321    i.WWDG_IRQHandler   stm32l1xx_it.o
    0x080044f0   0x00000048   Code   RO         3934    i.WWDG_Init         wwdg.o
    0x08004538   0x0000000e   Code   RO         3302    i.WriteCmd          i2c_oled.o
    0x08004546   0x0000000e   Code   RO         3303    i.WriteDat          i2c_oled.o
    0x08004554   0x00000010   Code   RO         4904    i.__0printf$0       mc_w.l(printf0.o)
    0x08004564   0x0000000e   Code   RO         5183    i.__scatterload_copy  mc_w.l(handlers.o)
    0x08004572   0x00000002   Code   RO         5184    i.__scatterload_null  mc_w.l(handlers.o)
    0x08004574   0x0000000e   Code   RO         5185    i.__scatterload_zeroinit  mc_w.l(handlers.o)
    0x08004582   0x00000022   Code   RO         4911    i._printf_core      mc_w.l(printf0.o)
    0x080045a4   0x00000044   Code   RO         3820    i.attach_network_task  mytask.o
    0x080045e8   0x0000001a   Code   RO         3304    i.cmdDisp           i2c_oled.o
    0x08004602   0x00000002   PAD
    0x08004604   0x0000003c   Code   RO         4360    i.eTaskConfirmSleepModeStatus  tasks.o
    0x08004640   0x0000001c   Code   RO          514    i.fputc             usart.o
    0x0800465c   0x000000dc   Code   RO         3821    i.getdata_task      mytask.o
    0x08004738   0x00000074   Code   RO         3822    i.indicator_task    mytask.o
    0x080047ac   0x00000038   Code   RO            4    i.main              main.o
    0x080047e4   0x00000016   Code   RO         3448    i.mypow             algorithm.o
    0x080047fa   0x00000002   PAD
    0x080047fc   0x00000098   Code   RO         4362    i.prvAddCurrentTaskToDelayedList  tasks.o
    0x08004894   0x000000b4   Code   RO         4363    i.prvAddNewTaskToReadyList  tasks.o
    0x08004948   0x00000048   Code   RO         4364    i.prvCheckTasksWaitingTermination  tasks.o
    0x08004990   0x00000012   Code   RO         4365    i.prvDeleteTCB      tasks.o
    0x080049a2   0x00000002   PAD
    0x080049a4   0x0000004c   Code   RO         4366    i.prvGetExpectedIdleTime  tasks.o
    0x080049f0   0x0000007c   Code   RO         4705    i.prvHeapInit       heap_4.o
    0x08004a6c   0x0000007c   Code   RO         4367    i.prvIdleTask       tasks.o
    0x08004ae8   0x000000aa   Code   RO         4368    i.prvInitialiseNewTask  tasks.o
    0x08004b92   0x00000002   PAD
    0x08004b94   0x00000068   Code   RO         4369    i.prvInitialiseTaskLists  tasks.o
    0x08004bfc   0x00000068   Code   RO         4706    i.prvInsertBlockIntoFreeList  heap_4.o
    0x08004c64   0x00000034   Code   RO         4370    i.prvResetNextTaskUnblockTime  tasks.o
    0x08004c98   0x00000040   Code   RO         4779    i.prvTaskExitError  port.o
    0x08004cd8   0x0000013c   Code   RO         4707    i.pvPortMalloc      heap_4.o
    0x08004e14   0x00000024   Code   RO         4780    i.pxPortInitialiseStack  port.o
    0x08004e38   0x0000001a   Code   RO         3305    i.sgnDisp           i2c_oled.o
    0x08004e52   0x00000002   PAD
    0x08004e54   0x000000a4   Code   RO         3823    i.start_task        mytask.o
    0x08004ef8   0x00000060   Code   RO          515    i.uart_init         usart.o
    0x08004f58   0x00000028   Code   RO         4125    i.uxListRemove      list.o
    0x08004f80   0x0000001a   Code   RO         4126    i.vListInitialise   list.o
    0x08004f9a   0x00000006   Code   RO         4127    i.vListInitialiseItem  list.o
    0x08004fa0   0x00000034   Code   RO         4128    i.vListInsert       list.o
    0x08004fd4   0x00000018   Code   RO         4129    i.vListInsertEnd    list.o
    0x08004fec   0x00000054   Code   RO         4782    i.vPortEnterCritical  port.o
    0x08005040   0x0000003c   Code   RO         4783    i.vPortExitCritical  port.o
    0x0800507c   0x00000094   Code   RO         4708    i.vPortFree         heap_4.o
    0x08005110   0x00000068   Code   RO         4784    i.vPortSetupTimerInterrupt  port.o
    0x08005178   0x00000158   Code   RO         4785    i.vPortSuppressTicksAndSleep  port.o
    0x080052d0   0x0000005c   Code   RO         4378    i.vTaskDelay        tasks.o
    0x0800532c   0x000000f4   Code   RO         4379    i.vTaskDelete       tasks.o
    0x08005420   0x00000088   Code   RO         4391    i.vTaskStartScheduler  tasks.o
    0x080054a8   0x00000040   Code   RO         4392    i.vTaskStepTick     tasks.o
    0x080054e8   0x00000010   Code   RO         4394    i.vTaskSuspendAll   tasks.o
    0x080054f8   0x0000008c   Code   RO         4395    i.vTaskSwitchContext  tasks.o
    0x08005584   0x00000124   Code   RO         4787    i.xPortStartScheduler  port.o
    0x080056a8   0x00000034   Code   RO         4788    i.xPortSysTickHandler  port.o
    0x080056dc   0x00000060   Code   RO         4397    i.xTaskCreate       tasks.o
    0x0800573c   0x00000020   Code   RO         4401    i.xTaskGetSchedulerState  tasks.o
    0x0800575c   0x00000148   Code   RO         4404    i.xTaskIncrementTick  tasks.o
    0x080058a4   0x00000104   Code   RO         4410    i.xTaskResumeAll    tasks.o
    0x080059a8   0x00000021   Data   RO          395    .constdata          system_stm32l1xx.o
    0x080059c9   0x00000818   Data   RO         3306    .constdata          i2c_oled.o
    0x080061e1   0x00000003   PAD
    0x080061e4   0x0000017f   Data   RO         3537    .constdata          bc95.o
    0x08006363   0x00000001   PAD
    0x08006364   0x00000010   Data   RO         3824    .conststring        mytask.o
    0x08006374   0x00000020   Data   RO         5181    Region$$Table       anon$$obj.o


    Execution Region RW_IRAM1 (Base: 0x20000000, Size: 0x00001308, Max: 0x00004000, ABSOLUTE)

    Base Addr    Size         Type   Attr      Idx    E Section Name        Object

    0x20000000   0x00000004   Data   RW          396    .data               system_stm32l1xx.o
    0x20000004   0x00000007   Data   RW          517    .data               usart.o
    0x2000000b   0x00000001   PAD
    0x2000000c   0x00000004   Data   RW          608    .data               stm32l1xx_hal.o
    0x20000010   0x0000002c   Data   RW         3825    .data               mytask.o
    0x2000003c   0x0000003c   Data   RW         4413    .data               tasks.o
    0x20000078   0x00000018   Data   RW         4713    .data               heap_4.o
    0x20000090   0x00000018   Data   RW         4789    .data               port.o
    0x200000a8   0x000000ac   Zero   RW          516    .bss                usart.o
    0x20000154   0x00000038   Zero   RW         3175    .bss                timer.o
    0x2000018c   0x00000020   Zero   RW         3698    .bss                lowpower.o
    0x200001ac   0x00000054   Zero   RW         3752    .bss                adc.o
    0x20000200   0x00000014   Zero   RW         3935    .bss                wwdg.o
    0x20000214   0x000000f0   Zero   RW         4412    .bss                tasks.o
    0x20000304   0x00000c00   Zero   RW         4712    .bss                heap_4.o
    0x20000f04   0x00000004   PAD
    0x20000f08   0x00000400   Zero   RW          579    STACK               startup_stm32l152xb.o


==============================================================================

Image component sizes


      Code (inc. data)   RO Data    RW Data    ZI Data      Debug   Object Name

       236         40          0          0         84       1640   adc.o
       242         34          0          0          0       3096   algorithm.o
      2348        606        383          0          0       9313   bc95.o
         0          0          0          0          0       9324   event_groups.o
       692         62          0         24       3072       6703   heap_4.o
      1252         68       2072          0          0      11002   i2c_oled.o
        88          8          0          0          0        826   io.o
       144         12          0          0          0        903   led.o
       148          0          0          0          0       2982   list.o
       558         68          0          0         32       3430   lowpower.o
        56         22          0          0          0     414443   main.o
       372         66          0          0          0       2797   myiic.o
       764        214         16         44          0       5415   mytask.o
      1186         92          0         24          0      11005   port.o
        36          8        244          0       1024        792   startup_stm32l152xb.o
       146         18          0          4          0       3307   stm32l1xx_hal.o
      1390         46          0          0          0       5513   stm32l1xx_hal_adc.o
       366         28          0          0          0      28595   stm32l1xx_hal_cortex.o
       764         62          0          0          0       2790   stm32l1xx_hal_gpio.o
       580         78          0          0          0       3994   stm32l1xx_hal_msp.o
        92         18          0          0          0       1410   stm32l1xx_hal_pwr.o
      3688        106          0          0          0       6508   stm32l1xx_hal_rcc.o
       516         14          0          0          0       1336   stm32l1xx_hal_rcc_ex.o
       854         14          0          0          0       4369   stm32l1xx_hal_rtc.o
       454         12          0          0          0       3688   stm32l1xx_hal_rtc_ex.o
       346          0          0          0          0       3154   stm32l1xx_hal_tim.o
      1678          6          0          0          0       6551   stm32l1xx_hal_uart.o
        96          0          0          0          0       1949   stm32l1xx_hal_wwdg.o
       148         24          0          0          0       4257   stm32l1xx_it.o
       204         26          0          0          0       1181   sys.o
       100         18         33          4          0       1119   system_stm32l1xx.o
      2416        372          0         60        240      17054   tasks.o
         2          0          0          0         56       1084   timer.o
       396         76          0          7        172       5515   usart.o
        84         28          0          0         20       1579   wwdg.o

    ----------------------------------------------------------------------
     22476       2246       2784        168       4704     588624   Object Totals
         0          0         32          0          0          0   (incl. Generated)
        34          0          4          1          4          0   (incl. Padding)

    ----------------------------------------------------------------------

      Code (inc. data)   RO Data    RW Data    ZI Data      Debug   Library Member Name

         0          0          0          0          0          0   entry.o
         0          0          0          0          0          0   entry10a.o
         0          0          0          0          0          0   entry11a.o
         8          4          0          0          0          0   entry2.o
         4          0          0          0          0          0   entry5.o
         0          0          0          0          0          0   entry7b.o
         0          0          0          0          0          0   entry8b.o
         8          4          0          0          0          0   entry9a.o
        30          0          0          0          0          0   handlers.o
        36          8          0          0          0         68   init.o
        36          0          0          0          0         68   memcpya.o
        36          0          0          0          0        108   memseta.o
        50          8          0          0          0        152   printf0.o
        24          0          0          0          0         68   strcat.o

    ----------------------------------------------------------------------
       232         24          0          0          0        464   Library Totals
         0          0          0          0          0          0   (incl. Padding)

    ----------------------------------------------------------------------

      Code (inc. data)   RO Data    RW Data    ZI Data      Debug   Library Name

       232         24          0          0          0        464   mc_w.l

    ----------------------------------------------------------------------
       232         24          0          0          0        464   Library Totals

    ----------------------------------------------------------------------

==============================================================================


      Code (inc. data)   RO Data    RW Data    ZI Data      Debug   

     22708       2270       2784        168       4704     579672   Grand Totals
     22708       2270       2784        168       4704     579672   ELF Image Totals
     22708       2270       2784        168          0          0   ROM Totals

==============================================================================

    Total RO  Size (Code + RO Data)                25492 (  24.89kB)
    Total RW  Size (RW Data + ZI Data)              4872 (   4.76kB)
    Total ROM Size (Code + RO Data + RW Data)      25660 (  25.06kB)

==============================================================================

