<html>
<body>
<pre>
<h1>礦ision Build Log</h1>
<h2>Tool Versions:</h2>
IDE-Version: μVision V5.14.2
Copyright (C) 2015 ARM Ltd and ARM Germany GmbH. All rights reserved.
License Information: Cortex-M3, song, LIC=65IGK-Z96GX-6Q70X-H8FFN-E6BJC-T8QJP
 
Tool Versions:
Toolchain:       MDK-ARM Standard  Version: 5.11.0.0
Toolchain Path:  C:\Keil_v5\ARM\ARMCC\Bin
C Compiler:      Armcc.exe V5.04 update 1 (build 49)
Assembler:       Armasm.exe V5.04 update 1 (build 49)
Linker/Locator:  ArmLink.exe V5.04 update 1 (build 49)
Library Manager: ArmAr.exe V5.04 update 1 (build 49)
Hex Converter:   FromElf.exe V5.04 update 1 (build 49)
CPU DLL:         SARMCM3.DLL V5.11.0.0
Dialog DLL:      DCM.DLL V1.11.0.0
Target DLL:      Segger\JL2CM3.dll V2.97.0.0
Dialog DLL:      TCM.DLL V1.14.1.0
 
<h2>Project:</h2>
I:\Github\Neyzoter\Codes\Stress-Monitor-Based-on-NB-IoT\USER\Template.uvprojx
Project File Date:  04/22/2018

<h2>Output:</h2>
*** Using Compiler 'V5.04 update 1 (build 49)', folder: 'C:\Keil_v5\ARM\ARMCC\Bin'
Rebuild target 'Template'
compiling main.c...
compiling stm32l1xx_hal_msp.c...
compiling stm32l1xx_it.c...
compiling system_stm32l1xx.c...
compiling sys.c...
compiling usart.c...
assembling startup_stm32l152xb.s...
compiling stm32l1xx_hal.c...
compiling stm32l1xx_hal_gpio.c...
compiling stm32l1xx_hal_tim.c...
compiling stm32l1xx_hal_adc.c...
compiling stm32l1xx_hal_dma.c...
compiling stm32l1xx_hal_rtc_ex.c...
compiling stm32l1xx_hal_rcc.c...
compiling stm32l1xx_hal_rtc.c...
compiling stm32l1xx_hal_cortex.c...
compiling stm32l1xx_hal_adc_ex.c...
compiling stm32l1xx_hal_uart.c...
compiling stm32l1xx_hal_tim_ex.c...
compiling stm32l1xx_hal_spi.c...
compiling stm32l1xx_hal_spi_ex.c...
compiling stm32l1xx_hal_usart.c...
compiling stm32l1xx_hal_pwr.c...
compiling stm32l1xx_hal_pwr_ex.c...
compiling stm32l1xx_hal_rcc_ex.c...
compiling stm32l1xx_hal_iwdg.c...
compiling stm32l1xx_hal_wwdg.c...
compiling timer.c...
compiling myiic.c...
..\BSP\IIC\myiic.c(39): warning:  #174-D: expression has no effect
        __NOP;
..\BSP\IIC\myiic.c(42): warning:  #174-D: expression has no effect
        __NOP;
..\BSP\IIC\myiic.c(52): warning:  #174-D: expression has no effect
        __NOP;
..\BSP\IIC\myiic.c(56): warning:  #174-D: expression has no effect
        __NOP;
..\BSP\IIC\myiic.c(65): warning:  #174-D: expression has no effect
        IIC_SDA=1;__NOP;//n_nops(1);//需要延时1us          
..\BSP\IIC\myiic.c(66): warning:  #174-D: expression has no effect
        IIC_SCL=1;__NOP;//n_nops(1);//需要延时1us        
..\BSP\IIC\myiic.c(86): warning:  #174-D: expression has no effect
        __NOP;
..\BSP\IIC\myiic.c(89): warning:  #174-D: expression has no effect
        __NOP;
..\BSP\IIC\myiic.c(99): warning:  #174-D: expression has no effect
        __NOP;
..\BSP\IIC\myiic.c(102): warning:  #174-D: expression has no effect
        __NOP;
..\BSP\IIC\myiic.c(119): warning:  #174-D: expression has no effect
                __NOP;
..\BSP\IIC\myiic.c(122): warning:  #174-D: expression has no effect
                __NOP;
..\BSP\IIC\myiic.c(125): warning:  #174-D: expression has no effect
                __NOP;
..\BSP\IIC\myiic.c(137): warning:  #174-D: expression has no effect
                __NOP;
..\BSP\IIC\myiic.c(142): warning:  #174-D: expression has no effect
                __NOP;
..\BSP\IIC\myiic.c: 15 warnings, 0 errors
compiling I2C_OLED.c...
..\BSP\I2C_OLED\I2C_OLED.c(436): warning:  #167-D: argument of type "char *" is incompatible with parameter of type "u8 *"
        OLED_ShowStr(0,2,file,1);
..\BSP\I2C_OLED\I2C_OLED.c: 1 warning, 0 errors
compiling algorithm.c...
compiling BC95.c...
..\BSP\BC95\BC95.c(162): warning:  #167-D: argument of type "volatile u8 *" is incompatible with parameter of type "u8 *"
                        if(usart.num!=0&&StrCmp("\r\nOK\r\n",usart.USART_RX_BUF))
..\BSP\BC95\BC95.c(214): warning:  #167-D: argument of type "char *" is incompatible with parameter of type "u8 *"
                        if(usart.num!=0&&StrCmp(rcv,usart.USART_RX_BUF))
..\BSP\BC95\BC95.c(214): warning:  #167-D: argument of type "volatile u8 *" is incompatible with parameter of type "u8 *"
                        if(usart.num!=0&&StrCmp(rcv,usart.USART_RX_BUF))
..\BSP\BC95\BC95.c(266): warning:  #167-D: argument of type "volatile u8 *" is incompatible with parameter of type "u8 *"
                        if(usart.num!=0&&StrCmp("\r\nOK\r\n",usart.USART_RX_BUF))
..\BSP\BC95\BC95.c(315): warning:  #167-D: argument of type "volatile u8 *" is incompatible with parameter of type "u8 *"
                        if(usart.num!=0&&StrCmp("\r\n+CFUN:1\r\n\r\nOK\r\n",usart.USART_RX_BUF))
..\BSP\BC95\BC95.c(363): warning:  #167-D: argument of type "volatile u8 *" is incompatible with parameter of type "u8 *"
                        if(usart.num!=0&&StrCmp("\r\nOK\r\n",usart.USART_RX_BUF))
..\BSP\BC95\BC95.c(419): warning:  #167-D: argument of type "char *" is incompatible with parameter of type "u8 *"
                        if(usart.num!=0&&StrCmp(rcv,usart.USART_RX_BUF))
..\BSP\BC95\BC95.c(419): warning:  #167-D: argument of type "volatile u8 *" is incompatible with parameter of type "u8 *"
                        if(usart.num!=0&&StrCmp(rcv,usart.USART_RX_BUF))
..\BSP\BC95\BC95.c(469): warning:  #167-D: argument of type "volatile u8 *" is incompatible with parameter of type "u8 *"
                        if(usart.num!=0&&StrCmp("\r\nOK\r\n",usart.USART_RX_BUF))
..\BSP\BC95\BC95.c(518): warning:  #167-D: argument of type "volatile u8 *" is incompatible with parameter of type "u8 *"
                        if(usart.num!=0&&StrCmp("\r\n+CGATT:1\r\n\r\nOK\r\n",usart.USART_RX_BUF))
..\BSP\BC95\BC95.c(567): warning:  #167-D: argument of type "volatile u8 *" is incompatible with parameter of type "u8 *"
                        if(usart.num!=0&&StrCmp("\r\nOK\r\n",usart.USART_RX_BUF))
..\BSP\BC95\BC95.c(618): warning:  #167-D: argument of type "volatile u8 *" is incompatible with parameter of type "u8 *"
                        if(usart.num!=0&&StrCmp("\r\nOK\r\n",usart.USART_RX_BUF))
..\BSP\BC95\BC95.c(623): warning:  #167-D: argument of type "char *" is incompatible with parameter of type "u8 *"
                                MsgSentDisp(msg);
..\BSP\BC95\BC95.c(677): warning:  #167-D: argument of type "volatile u8 *" is incompatible with parameter of type "u8 *"
                                        cmdgot.status = CMD_Anls(usart.USART_RX_BUF);
..\BSP\BC95\BC95.c(678): warning:  #167-D: argument of type "u8 *" is incompatible with parameter of type "char *"
                                        if(cmdgot.len != HexStr2Str(cmdgot.lastcmd,cmdgot.str))//如果位数不相等
..\BSP\BC95\BC95.c(678): warning:  #167-D: argument of type "u8 *" is incompatible with parameter of type "char *"
                                        if(cmdgot.len != HexStr2Str(cmdgot.lastcmd,cmdgot.str))//如果位数不相等
..\BSP\BC95\BC95.c: 16 warnings, 0 errors
compiling key.c...
compiling lowpower.c...
compiling adc.c...
compiling io.c...
compiling mytask.c...
compiling iwdg.c...
compiling wwdg.c...
compiling led.c...
compiling croutine.c...
compiling event_groups.c...
compiling list.c...
compiling queue.c...
compiling tasks.c...
compiling timers.c...
compiling heap_4.c...
compiling port.c...
linking...
Program Size: Code=23336 RO-data=2784 RW-data=180 ZI-data=4676  
FromELF: creating hex file...
"..\OBJ\Template.axf" - 0 Error(s), 32 Warning(s).

<h2>Collection of Component include folders:</h2>
  I:\Github\Neyzoter\Codes\Stress-Monitor-Based-on-NB-IoT\USER\RTE
  C:\Keil_v5\ARM\PACK\Keil\STM32L1xx_DFP\1.0.2\Device\Include

<h2>Collection of Component Files used:</h2>
</pre>
</body>
</html>
